Component: ARM Compiler 5.06 update 7 (build 960) Tool: armlink [4d3601]

==============================================================================

Section Cross References

    startup_stm32g431xx.o(STACK) refers (Special) to heapauxi.o(.text) for __use_two_region_memory
    startup_stm32g431xx.o(HEAP) refers (Special) to heapauxi.o(.text) for __use_two_region_memory
    startup_stm32g431xx.o(RESET) refers (Special) to heapauxi.o(.text) for __use_two_region_memory
    startup_stm32g431xx.o(RESET) refers to startup_stm32g431xx.o(STACK) for __initial_sp
    startup_stm32g431xx.o(RESET) refers to startup_stm32g431xx.o(.text) for Reset_Handler
    startup_stm32g431xx.o(RESET) refers to stm32g4xx_it.o(i.NMI_Handler) for NMI_Handler
    startup_stm32g431xx.o(RESET) refers to stm32g4xx_it.o(i.HardFault_Handler) for HardFault_Handler
    startup_stm32g431xx.o(RESET) refers to stm32g4xx_it.o(i.MemManage_Handler) for MemManage_Handler
    startup_stm32g431xx.o(RESET) refers to stm32g4xx_it.o(i.BusFault_Handler) for BusFault_Handler
    startup_stm32g431xx.o(RESET) refers to stm32g4xx_it.o(i.UsageFault_Handler) for UsageFault_Handler
    startup_stm32g431xx.o(RESET) refers to stm32g4xx_it.o(i.SVC_Handler) for SVC_Handler
    startup_stm32g431xx.o(RESET) refers to stm32g4xx_it.o(i.DebugMon_Handler) for DebugMon_Handler
    startup_stm32g431xx.o(RESET) refers to stm32g4xx_it.o(i.PendSV_Handler) for PendSV_Handler
    startup_stm32g431xx.o(RESET) refers to stm32g4xx_it.o(i.SysTick_Handler) for SysTick_Handler
    startup_stm32g431xx.o(RESET) refers to stm32g4xx_it.o(i.DMA1_Channel1_IRQHandler) for DMA1_Channel1_IRQHandler
    startup_stm32g431xx.o(RESET) refers to stm32g4xx_it.o(i.ADC1_2_IRQHandler) for ADC1_2_IRQHandler
    startup_stm32g431xx.o(RESET) refers to stm32g4xx_it.o(i.FDCAN1_IT0_IRQHandler) for FDCAN1_IT0_IRQHandler
    startup_stm32g431xx.o(RESET) refers to stm32g4xx_it.o(i.TIM1_BRK_TIM15_IRQHandler) for TIM1_BRK_TIM15_IRQHandler
    startup_stm32g431xx.o(RESET) refers to stm32g4xx_it.o(i.TIM1_UP_TIM16_IRQHandler) for TIM1_UP_TIM16_IRQHandler
    startup_stm32g431xx.o(RESET) refers to stm32g4xx_it.o(i.TIM1_CC_IRQHandler) for TIM1_CC_IRQHandler
    startup_stm32g431xx.o(RESET) refers to stm32g4xx_it.o(i.TIM4_IRQHandler) for TIM4_IRQHandler
    startup_stm32g431xx.o(RESET) refers to stm32g4xx_it.o(i.USART3_IRQHandler) for USART3_IRQHandler
    startup_stm32g431xx.o(RESET) refers to stm32g4xx_it.o(i.EXTI15_10_IRQHandler) for EXTI15_10_IRQHandler
    startup_stm32g431xx.o(RESET) refers to stm32g4xx_it.o(i.COMP1_2_3_IRQHandler) for COMP1_2_3_IRQHandler
    startup_stm32g431xx.o(.text) refers (Special) to heapauxi.o(.text) for __use_two_region_memory
    startup_stm32g431xx.o(.text) refers to system_stm32g4xx.o(i.SystemInit) for SystemInit
    startup_stm32g431xx.o(.text) refers to __main.o(!!!main) for __main
    startup_stm32g431xx.o(.text) refers to startup_stm32g431xx.o(HEAP) for Heap_Mem
    startup_stm32g431xx.o(.text) refers to startup_stm32g431xx.o(STACK) for Stack_Mem
    main.o(i.Delay) refers to main.o(.data) for uwTimingDelay
    main.o(i.FDCAN_Config) refers to stm32g4xx_hal_fdcan.o(i.HAL_FDCAN_ActivateNotification) for HAL_FDCAN_ActivateNotification
    main.o(i.FDCAN_Config) refers to stm32g4xx_hal_fdcan.o(i.HAL_FDCAN_ConfigFilter) for HAL_FDCAN_ConfigFilter
    main.o(i.FDCAN_Config) refers to stm32g4xx_hal_fdcan.o(i.HAL_FDCAN_Start) for HAL_FDCAN_Start
    main.o(i.FDCAN_Config) refers to fdcan.o(.bss) for hfdcan1
    main.o(i.FDCAN_Config) refers to main.o(.bss) for TxHeader
    main.o(i.HAL_ADCEx_InjectedConvCpltCallback) refers to main.o(i.motor_run) for motor_run
    main.o(i.HAL_ADCEx_InjectedConvCpltCallback) refers to rt_memcpy_v6.o(.text) for __aeabi_memcpy
    main.o(i.HAL_ADCEx_InjectedConvCpltCallback) refers to stm32g4xx_hal_uart.o(i.HAL_UART_Transmit_DMA) for HAL_UART_Transmit_DMA
    main.o(i.HAL_ADCEx_InjectedConvCpltCallback) refers to adc.o(.bss) for hadc1
    main.o(i.HAL_ADCEx_InjectedConvCpltCallback) refers to main.o(.data) for ADC_offset
    main.o(i.HAL_ADCEx_InjectedConvCpltCallback) refers to foc_model.o(.bss) for rtU
    main.o(i.HAL_ADCEx_InjectedConvCpltCallback) refers to foc_algorithm.o(.bss) for FOC_Input
    main.o(i.HAL_ADCEx_InjectedConvCpltCallback) refers to speed_pid.o(.data) for Speed_Ref
    main.o(i.HAL_ADCEx_InjectedConvCpltCallback) refers to main.o(.bss) for load_data
    main.o(i.HAL_ADCEx_InjectedConvCpltCallback) refers to foc_algorithm.o(.data) for Current_Lpf_Idq
    main.o(i.HAL_ADCEx_InjectedConvCpltCallback) refers to usart.o(.bss) for huart3
    main.o(i.HAL_GPIO_EXTI_Callback) refers to stm32g4xx_hal_tim.o(i.HAL_TIM_PWM_Stop) for HAL_TIM_PWM_Stop
    main.o(i.HAL_GPIO_EXTI_Callback) refers to stm32g4xx_hal_tim_ex.o(i.HAL_TIMEx_PWMN_Stop) for HAL_TIMEx_PWMN_Stop
    main.o(i.HAL_GPIO_EXTI_Callback) refers to stm32g4xx_hal_tim.o(i.HAL_TIM_PWM_Start) for HAL_TIM_PWM_Start
[...]
    DMA1_Channel6_IRQHandler                 0x080002d3   Thumb Code     0  startup_stm32g431xx.o(.text)
    DMA2_Channel1_IRQHandler                 0x080002d3   Thumb Code     0  startup_stm32g431xx.o(.text)
    DMA2_Channel2_IRQHandler                 0x080002d3   Thumb Code     0  startup_stm32g431xx.o(.text)
    DMA2_Channel3_IRQHandler                 0x080002d3   Thumb Code     0  startup_stm32g431xx.o(.text)
    DMA2_Channel4_IRQHandler                 0x080002d3   Thumb Code     0  startup_stm32g431xx.o(.text)
    DMA2_Channel5_IRQHandler                 0x080002d3   Thumb Code     0  startup_stm32g431xx.o(.text)
    DMA2_Channel6_IRQHandler                 0x080002d3   Thumb Code     0  startup_stm32g431xx.o(.text)
    DMAMUX_OVR_IRQHandler                    0x080002d3   Thumb Code     0  startup_stm32g431xx.o(.text)
    EXTI0_IRQHandler                         0x080002d3   Thumb Code     0  startup_stm32g431xx.o(.text)
    EXTI1_IRQHandler                         0x080002d3   Thumb Code     0  startup_stm32g431xx.o(.text)
    EXTI2_IRQHandler                         0x080002d3   Thumb Code     0  startup_stm32g431xx.o(.text)
    EXTI3_IRQHandler                         0x080002d3   Thumb Code     0  startup_stm32g431xx.o(.text)
    EXTI4_IRQHandler                         0x080002d3   Thumb Code     0  startup_stm32g431xx.o(.text)
    EXTI9_5_IRQHandler                       0x080002d3   Thumb Code     0  startup_stm32g431xx.o(.text)
    FDCAN1_IT1_IRQHandler                    0x080002d3   Thumb Code     0  startup_stm32g431xx.o(.text)
    FLASH_IRQHandler                         0x080002d3   Thumb Code     0  startup_stm32g431xx.o(.text)
    FMAC_IRQHandler                          0x080002d3   Thumb Code     0  startup_stm32g431xx.o(.text)
    FPU_IRQHandler                           0x080002d3   Thumb Code     0  startup_stm32g431xx.o(.text)
    I2C1_ER_IRQHandler                       0x080002d3   Thumb Code     0  startup_stm32g431xx.o(.text)
    I2C1_EV_IRQHandler                       0x080002d3   Thumb Code     0  startup_stm32g431xx.o(.text)
    I2C2_ER_IRQHandler                       0x080002d3   Thumb Code     0  startup_stm32g431xx.o(.text)
    I2C2_EV_IRQHandler                       0x080002d3   Thumb Code     0  startup_stm32g431xx.o(.text)
    I2C3_ER_IRQHandler                       0x080002d3   Thumb Code     0  startup_stm32g431xx.o(.text)
    I2C3_EV_IRQHandler                       0x080002d3   Thumb Code     0  startup_stm32g431xx.o(.text)
    LPTIM1_IRQHandler                        0x080002d3   Thumb Code     0  startup_stm32g431xx.o(.text)
    LPUART1_IRQHandler                       0x080002d3   Thumb Code     0  startup_stm32g431xx.o(.text)
    PVD_PVM_IRQHandler                       0x080002d3   Thumb Code     0  startup_stm32g431xx.o(.text)
    RCC_IRQHandler                           0x080002d3   Thumb Code     0  startup_stm32g431xx.o(.text)
    RNG_IRQHandler                           0x080002d3   Thumb Code     0  startup_stm32g431xx.o(.text)
    RTC_Alarm_IRQHandler                     0x080002d3   Thumb Code     0  startup_stm32g431xx.o(.text)
    RTC_TAMP_LSECSS_IRQHandler               0x080002d3   Thumb Code     0  startup_stm32g431xx.o(.text)
    RTC_WKUP_IRQHandler                      0x080002d3   Thumb Code     0  startup_stm32g431xx.o(.text)
    SAI1_IRQHandler                          0x080002d3   Thumb Code     0  startup_stm32g431xx.o(.text)
    SPI1_IRQHandler                          0x080002d3   Thumb Code     0  startup_stm32g431xx.o(.text)
    SPI2_IRQHandler                          0x080002d3   Thumb Code     0  startup_stm32g431xx.o(.text)
    SPI3_IRQHandler                          0x080002d3   Thumb Code     0  startup_stm32g431xx.o(.text)
    TIM1_TRG_COM_TIM17_IRQHandler            0x080002d3   Thumb Code     0  startup_stm32g431xx.o(.text)
    TIM2_IRQHandler                          0x080002d3   Thumb Code     0  startup_stm32g431xx.o(.text)
    TIM3_IRQHandler                          0x080002d3   Thumb Code     0  startup_stm32g431xx.o(.text)
    TIM6_DAC_IRQHandler                      0x080002d3   Thumb Code     0  startup_stm32g431xx.o(.text)
    TIM7_IRQHandler                          0x080002d3   Thumb Code     0  startup_stm32g431xx.o(.text)
    TIM8_BRK_IRQHandler                      0x080002d3   Thumb Code     0  startup_stm32g431xx.o(.text)
    TIM8_CC_IRQHandler                       0x080002d3   Thumb Code     0  startup_stm32g431xx.o(.text)
    TIM8_TRG_COM_IRQHandler                  0x080002d3   Thumb Code     0  startup_stm32g431xx.o(.text)
    TIM8_UP_IRQHandler                       0x080002d3   Thumb Code     0  startup_stm32g431xx.o(.text)
    UART4_IRQHandler                         0x080002d3   Thumb Code     0  startup_stm32g431xx.o(.text)
    UCPD1_IRQHandler                         0x080002d3   Thumb Code     0  startup_stm32g431xx.o(.text)
    USART1_IRQHandler                        0x080002d3   Thumb Code     0  startup_stm32g431xx.o(.text)
    USART2_IRQHandler                        0x080002d3   Thumb Code     0  startup_stm32g431xx.o(.text)
    USBWakeUp_IRQHandler                     0x080002d3   Thumb Code     0  startup_stm32g431xx.o(.text)
    USB_HP_IRQHandler                        0x080002d3   Thumb Code     0  startup_stm32g431xx.o(.text)
    USB_LP_IRQHandler                        0x080002d3   Thumb Code     0  startup_stm32g431xx.o(.text)
    WWDG_IRQHandler                          0x080002d3   Thumb Code     0  startup_stm32g431xx.o(.text)
    __user_initial_stackheap                 0x080002d5   Thumb Code     0  startup_stm32g431xx.o(.text)
    __aeabi_uldivmod                         0x080002f9   Thumb Code     0  lludivv7m.o(.text)
    _ll_udiv                                 0x080002f9   Thumb Code   238  lludivv7m.o(.text)
    __aeabi_memcpy                           0x080003e7   Thumb Code     0  rt_memcpy_v6.o(.text)
    __rt_memcpy                              0x080003e7   Thumb Code   138  rt_memcpy_v6.o(.text)
    _memcpy_lastbytes                        0x0800044d   Thumb Code     0  rt_memcpy_v6.o(.text)
    __aeabi_memcpy4                          0x08000471   Thumb Code     0  rt_memcpy_w.o(.text)
    __aeabi_memcpy8                          0x08000471   Thumb Code     0  rt_memcpy_w.o(.text)
    __rt_memcpy_w                            0x08000471   Thumb Code   100  rt_memcpy_w.o(.text)
    _memcpy_lastbytes_aligned                0x080004b9   Thumb Code     0  rt_memcpy_w.o(.text)
    __aeabi_memclr4                          0x080004d5   Thumb Code     0  rt_memclr_w.o(.text)
    __aeabi_memclr8                          0x080004d5   Thumb Code     0  rt_memclr_w.o(.text)
    __rt_memclr_w                            0x080004d5   Thumb Code    78  rt_memclr_w.o(.text)
    _memset_w                                0x080004d9   Thumb Code     0  rt_memclr_w.o(.text)
    __use_two_region_memory                  0x08000523   Thumb Code     2  heapauxi.o(.text)
    __rt_heap_escrow$2region                 0x08000525   Thumb Code     2  heapauxi.o(.text)
    __rt_heap_expand$2region                 0x08000527   Thumb Code     2  heapauxi.o(.text)
    __read_errno                             0x08000529   Thumb Code    10  _rserrno.o(.text)
    __set_errno                              0x08000533   Thumb Code    12  _rserrno.o(.text)
    __aeabi_errno_addr                       0x08000541   Thumb Code     8  rt_errno_addr_intlibspace.o(.text)
    __errno$intlibspace                      0x08000541   Thumb Code     0  rt_errno_addr_intlibspace.o(.text)
    __rt_errno_addr$intlibspace              0x08000541   Thumb Code     0  rt_errno_addr_intlibspace.o(.text)
    __user_libspace                          0x08000549   Thumb Code     8  libspace.o(.text)
    __user_perproc_libspace                  0x08000549   Thumb Code     0  libspace.o(.text)
    __user_perthread_libspace                0x08000549   Thumb Code     0  libspace.o(.text)
    __user_setup_stackheap                   0x08000551   Thumb Code    74  sys_stackheap_outer.o(.text)
    exit                                     0x0800059b   Thumb Code    18  exit.o(.text)
    _sys_exit                                0x080005ad   Thumb Code     8  sys_exit.o(.text)
    __I$use$semihosting                      0x080005b9   Thumb Code     0  use_no_semi.o(.text)
    __use_no_semihosting_swi                 0x080005b9   Thumb Code     2  use_no_semi.o(.text)
    __semihosting_library_function           0x080005bb   Thumb Code     0  indicate_semi.o(.text)
    arm_cos_f32                              0x080005bd   Thumb Code   160  arm_cos_f32.o(.text.arm_cos_f32)
    arm_sin_f32                              0x0800065d   Thumb Code   152  arm_sin_f32.o(.text.arm_sin_f32)
    ADC1_2_IRQHandler                        0x080006f5   Thumb Code    16  stm32g4xx_it.o(i.ADC1_2_IRQHandler)
    ADC_Disable                              0x0800070d   Thumb Code   142  stm32g4xx_hal_adc.o(i.ADC_Disable)
    ADC_Enable                               0x080007a1   Thumb Code   128  stm32g4xx_hal_adc.o(i.ADC_Enable)
    Angle_To_Cos_Sin                         0x08000825   Thumb Code    42  foc_algorithm.o(i.Angle_To_Cos_Sin)
    BusFault_Handler                         0x0800084f   Thumb Code     4  stm32g4xx_it.o(i.BusFault_Handler)
    COMP1_2_3_IRQHandler                     0x08000855   Thumb Code    10  stm32g4xx_it.o(i.COMP1_2_3_IRQHandler)
    Clarke_Transf                            0x08000865   Thumb Code    94  foc_algorithm.o(i.Clarke_Transf)
    Current_PID_Calc                         0x080008c9   Thumb Code   122  foc_algorithm.o(i.Current_PID_Calc)
    DMA1_Channel1_IRQHandler                 0x08000949   Thumb Code    10  stm32g4xx_it.o(i.DMA1_Channel1_IRQHandler)
    DebugMon_Handler                         0x08000a01   Thumb Code     2  stm32g4xx_it.o(i.DebugMon_Handler)
    EXTI15_10_IRQHandler                     0x08000a03   Thumb Code    28  stm32g4xx_it.o(i.EXTI15_10_IRQHandler)
    Error_Handler                            0x08000a1f   Thumb Code     6  main.o(i.Error_Handler)
    FDCAN1_IT0_IRQHandler                    0x08000a25   Thumb Code    22  stm32g4xx_it.o(i.FDCAN1_IT0_IRQHandler)
    FDCAN_Config                             0x08000ab5   Thumb Code    94  main.o(i.FDCAN_Config)
    Flux_Observer_Init                       0x08000b1d   Thumb Code   196  flux_observer.o(i.Flux_Observer_Init)
    HAL_ADCEx_Calibration_Start              0x08000c29   Thumb Code   166  stm32g4xx_hal_adc_ex.o(i.HAL_ADCEx_Calibration_Start)
    HAL_ADCEx_EndOfSamplingCallback          0x08000cd9   Thumb Code     2  stm32g4xx_hal_adc_ex.o(i.HAL_ADCEx_EndOfSamplingCallback)
    HAL_ADCEx_InjectedConfigChannel          0x08000cdd   Thumb Code  1540  stm32g4xx_hal_adc_ex.o(i.HAL_ADCEx_InjectedConfigChannel)
    HAL_ADCEx_InjectedConvCpltCallback       0x08001309   Thumb Code   484  main.o(i.HAL_ADCEx_InjectedConvCpltCallback)
    HAL_ADCEx_InjectedQueueOverflowCallback  0x08001545   Thumb Code     2  stm32g4xx_hal_adc_ex.o(i.HAL_ADCEx_InjectedQueueOverflowCallback)
    HAL_ADCEx_InjectedStart                  0x08001549   Thumb Code   254  stm32g4xx_hal_adc_ex.o(i.HAL_ADCEx_InjectedStart)
    HAL_ADCEx_InjectedStart_IT               0x08001651   Thumb Code   338  stm32g4xx_hal_adc_ex.o(i.HAL_ADCEx_InjectedStart_IT)
    HAL_ADCEx_LevelOutOfWindow2Callback      0x080017ad   Thumb Code     2  stm32g4xx_hal_adc_ex.o(i.HAL_ADCEx_LevelOutOfWindow2Callback)
    HAL_ADCEx_LevelOutOfWindow3Callback      0x080017af   Thumb Code     2  stm32g4xx_hal_adc_ex.o(i.HAL_ADCEx_LevelOutOfWindow3Callback)
    HAL_ADCEx_MultiModeConfigChannel         0x080017b1   Thumb Code   260  stm32g4xx_hal_adc_ex.o(i.HAL_ADCEx_MultiModeConfigChannel)
    HAL_ADC_ConfigChannel                    0x080018bd   Thumb Code  1252  stm32g4xx_hal_adc.o(i.HAL_ADC_ConfigChannel)
    HAL_ADC_ConvCpltCallback                 0x08001dc5   Thumb Code     2  stm32g4xx_hal_adc.o(i.HAL_ADC_ConvCpltCallback)
    HAL_ADC_ErrorCallback                    0x08001dc7   Thumb Code     2  stm32g4xx_hal_adc.o(i.HAL_ADC_ErrorCallback)
    HAL_ADC_GetValue                         0x08001dc9   Thumb Code     8  stm32g4xx_hal_adc.o(i.HAL_ADC_GetValue)
    HAL_ADC_IRQHandler                       0x08001dd1   Thumb Code   808  stm32g4xx_hal_adc.o(i.HAL_ADC_IRQHandler)
    HAL_ADC_Init                             0x08002101   Thumb Code   586  stm32g4xx_hal_adc.o(i.HAL_ADC_Init)
    HAL_ADC_LevelOutOfWindowCallback         0x08002369   Thumb Code     2  stm32g4xx_hal_adc.o(i.HAL_ADC_LevelOutOfWindowCallback)
    HAL_ADC_MspInit                          0x0800236d   Thumb Code   308  adc.o(i.HAL_ADC_MspInit)
    HAL_ADC_Start                            0x080024b1   Thumb Code   276  stm32g4xx_hal_adc.o(i.HAL_ADC_Start)
    HAL_COMP_IRQHandler                      0x080025cd   Thumb Code    94  stm32g4xx_hal_comp.o(i.HAL_COMP_IRQHandler)
    HAL_COMP_Init                            0x08002635   Thumb Code   392  stm32g4xx_hal_comp.o(i.HAL_COMP_Init)
    HAL_COMP_MspInit                         0x080027d1   Thumb Code    90  comp.o(i.HAL_COMP_MspInit)
    HAL_COMP_Start                           0x08002839   Thumb Code    92  stm32g4xx_hal_comp.o(i.HAL_COMP_Start)
    HAL_COMP_TriggerCallback                 0x0800289d   Thumb Code     2  stm32g4xx_hal_comp.o(i.HAL_COMP_TriggerCallback)
    HAL_DAC_ConfigChannel                    0x080028a1   Thumb Code   578  stm32g4xx_hal_dac.o(i.HAL_DAC_ConfigChannel)
    HAL_DAC_Init                             0x08002aed   Thumb Code    40  stm32g4xx_hal_dac.o(i.HAL_DAC_Init)
    HAL_DAC_MspInit                          0x08002b15   Thumb Code   140  dac.o(i.HAL_DAC_MspInit)
    HAL_DAC_SetValue                         0x08002bad   Thumb Code    64  stm32g4xx_hal_dac.o(i.HAL_DAC_SetValue)
    HAL_DAC_Start                            0x08002bed   Thumb Code   128  stm32g4xx_hal_dac.o(i.HAL_DAC_Start)
    HAL_DMA_Abort                            0x08002c6d   Thumb Code   118  stm32g4xx_hal_dma.o(i.HAL_DMA_Abort)
    HAL_DMA_Abort_IT                         0x08002ce3   Thumb Code   148  stm32g4xx_hal_dma.o(i.HAL_DMA_Abort_IT)
    HAL_DMA_IRQHandler                       0x08002d77   Thumb Code   254  stm32g4xx_hal_dma.o(i.HAL_DMA_IRQHandler)
    HAL_DMA_Init                             0x08002e75   Thumb Code   200  stm32g4xx_hal_dma.o(i.HAL_DMA_Init)
    HAL_DMA_Start_IT                         0x08002f45   Thumb Code   194  stm32g4xx_hal_dma.o(i.HAL_DMA_Start_IT)
    HAL_Delay                                0x08003009   Thumb Code    36  stm32g4xx_hal.o(i.HAL_Delay)
    HAL_FDCAN_ActivateNotification           0x08003031   Thumb Code   290  stm32g4xx_hal_fdcan.o(i.HAL_FDCAN_ActivateNotification)
    HAL_FDCAN_ConfigFilter                   0x08003153   Thumb Code   100  stm32g4xx_hal_fdcan.o(i.HAL_FDCAN_ConfigFilter)
    HAL_FDCAN_ErrorCallback                  0x080031b7   Thumb Code     2  stm32g4xx_hal_fdcan.o(i.HAL_FDCAN_ErrorCallback)
    HAL_FDCAN_ErrorStatusCallback            0x080031b9   Thumb Code     2  stm32g4xx_hal_fdcan.o(i.HAL_FDCAN_ErrorStatusCallback)
    HAL_FDCAN_GetRxMessage                   0x080031bd   Thumb Code   276  stm32g4xx_hal_fdcan.o(i.HAL_FDCAN_GetRxMessage)
    HAL_FDCAN_HighPriorityMessageCallback    0x080032d5   Thumb Code     2  stm32g4xx_hal_fdcan.o(i.HAL_FDCAN_HighPriorityMessageCallback)
    HAL_FDCAN_IRQHandler                     0x080032d7   Thumb Code   448  stm32g4xx_hal_fdcan.o(i.HAL_FDCAN_IRQHandler)
    HAL_FDCAN_Init                           0x08003499   Thumb Code   526  stm32g4xx_hal_fdcan.o(i.HAL_FDCAN_Init)
    HAL_FDCAN_MspInit                        0x080036b1   Thumb Code   124  fdcan.o(i.HAL_FDCAN_MspInit)
    HAL_FDCAN_RxFifo0Callback                0x08003735   Thumb Code     2  stm32g4xx_hal_fdcan.o(i.HAL_FDCAN_RxFifo0Callback)
    HAL_FDCAN_RxFifo1Callback                0x08003737   Thumb Code     2  stm32g4xx_hal_fdcan.o(i.HAL_FDCAN_RxFifo1Callback)
    HAL_FDCAN_Start                          0x08003739   Thumb Code    46  stm32g4xx_hal_fdcan.o(i.HAL_FDCAN_Start)
    HAL_FDCAN_TimeoutOccurredCallback        0x08003767   Thumb Code     2  stm32g4xx_hal_fdcan.o(i.HAL_FDCAN_TimeoutOccurredCallback)
    HAL_FDCAN_TimestampWraparoundCallback    0x08003769   Thumb Code     2  stm32g4xx_hal_fdcan.o(i.HAL_FDCAN_TimestampWraparoundCallback)
    HAL_FDCAN_TxBufferAbortCallback          0x0800376b   Thumb Code     2  stm32g4xx_hal_fdcan.o(i.HAL_FDCAN_TxBufferAbortCallback)
    HAL_FDCAN_TxBufferCompleteCallback       0x0800376d   Thumb Code     2  stm32g4xx_hal_fdcan.o(i.HAL_FDCAN_TxBufferCompleteCallback)
    HAL_FDCAN_TxEventFifoCallback            0x0800376f   Thumb Code     2  stm32g4xx_hal_fdcan.o(i.HAL_FDCAN_TxEventFifoCallback)
    HAL_FDCAN_TxFifoEmptyCallback            0x08003771   Thumb Code     2  stm32g4xx_hal_fdcan.o(i.HAL_FDCAN_TxFifoEmptyCallback)
    HAL_GPIO_EXTI_Callback                   0x08003775   Thumb Code   170  main.o(i.HAL_GPIO_EXTI_Callback)
    HAL_GPIO_EXTI_IRQHandler                 0x08003849   Thumb Code    24  stm32g4xx_hal_gpio.o(i.HAL_GPIO_EXTI_IRQHandler)
    HAL_GPIO_Init                            0x08003865   Thumb Code   438  stm32g4xx_hal_gpio.o(i.HAL_GPIO_Init)
    HAL_GPIO_ReadPin                         0x08003a3d   Thumb Code    16  stm32g4xx_hal_gpio.o(i.HAL_GPIO_ReadPin)
    HAL_GPIO_WritePin                        0x08003a4d   Thumb Code    10  stm32g4xx_hal_gpio.o(i.HAL_GPIO_WritePin)
    HAL_GetTick                              0x08003a59   Thumb Code     6  stm32g4xx_hal.o(i.HAL_GetTick)
    HAL_IncTick                              0x08003a65   Thumb Code    16  stm32g4xx_hal.o(i.HAL_IncTick)
    HAL_Init                                 0x08003a7d   Thumb Code    30  stm32g4xx_hal.o(i.HAL_Init)
    HAL_InitTick                             0x08003a9d   Thumb Code    74  stm32g4xx_hal.o(i.HAL_InitTick)
    HAL_MspInit                              0x08003af5   Thumb Code    62  stm32g4xx_hal_msp.o(i.HAL_MspInit)
    HAL_NVIC_EnableIRQ                       0x08003b39   Thumb Code    40  stm32g4xx_hal_cortex.o(i.HAL_NVIC_EnableIRQ)
    HAL_NVIC_SetPriority                     0x08003b61   Thumb Code   122  stm32g4xx_hal_cortex.o(i.HAL_NVIC_SetPriority)
    HAL_NVIC_SetPriorityGrouping             0x08003bdd   Thumb Code    32  stm32g4xx_hal_cortex.o(i.HAL_NVIC_SetPriorityGrouping)
    HAL_OPAMP_Init                           0x08003c05   Thumb Code   330  stm32g4xx_hal_opamp.o(i.HAL_OPAMP_Init)
    HAL_OPAMP_MspInit                        0x08003d59   Thumb Code   198  opamp.o(i.HAL_OPAMP_MspInit)
    HAL_OPAMP_Start                          0x08003e2d   Thumb Code    54  stm32g4xx_hal_opamp.o(i.HAL_OPAMP_Start)
    HAL_PWREx_ControlVoltageScaling          0x08003e65   Thumb Code   268  stm32g4xx_hal_pwr_ex.o(i.HAL_PWREx_ControlVoltageScaling)
    HAL_PWREx_DisableUCPDDeadBattery         0x08003f7d   Thumb Code    14  stm32g4xx_hal_pwr_ex.o(i.HAL_PWREx_DisableUCPDDeadBattery)
    HAL_RCCEx_PeriphCLKConfig                0x08003f91   Thumb Code   872  stm32g4xx_hal_rcc_ex.o(i.HAL_RCCEx_PeriphCLKConfig)
    HAL_RCC_ClockConfig                      0x08004301   Thumb Code   522  stm32g4xx_hal_rcc.o(i.HAL_RCC_ClockConfig)
    HAL_RCC_GetHCLKFreq                      0x08004525   Thumb Code     6  stm32g4xx_hal_rcc.o(i.HAL_RCC_GetHCLKFreq)
    HAL_RCC_GetPCLK1Freq                     0x08004531   Thumb Code    26  stm32g4xx_hal_rcc.o(i.HAL_RCC_GetPCLK1Freq)
    HAL_RCC_GetPCLK2Freq                     0x08004555   Thumb Code    26  stm32g4xx_hal_rcc.o(i.HAL_RCC_GetPCLK2Freq)
    HAL_RCC_GetSysClockFreq                  0x08004579   Thumb Code   138  stm32g4xx_hal_rcc.o(i.HAL_RCC_GetSysClockFreq)
    HAL_RCC_OscConfig                        0x08004611   Thumb Code  1370  stm32g4xx_hal_rcc.o(i.HAL_RCC_OscConfig)
    HAL_SYSTICK_Config                       0x08004b79   Thumb Code    52  stm32g4xx_hal_cortex.o(i.HAL_SYSTICK_Config)
    HAL_TIMEx_Break2Callback                 0x08004bad   Thumb Code     2  stm32g4xx_hal_tim_ex.o(i.HAL_TIMEx_Break2Callback)
    HAL_TIMEx_BreakCallback                  0x08004baf   Thumb Code     2  stm32g4xx_hal_tim_ex.o(i.HAL_TIMEx_BreakCallback)
    HAL_TIMEx_CommutCallback                 0x08004bb1   Thumb Code     2  stm32g4xx_hal_tim_ex.o(i.HAL_TIMEx_CommutCallback)
    HAL_TIMEx_ConfigBreakDeadTime            0x08004bb5   Thumb Code   224  stm32g4xx_hal_tim_ex.o(i.HAL_TIMEx_ConfigBreakDeadTime)
    HAL_TIMEx_ConfigBreakInput               0x08004c9d   Thumb Code   212  stm32g4xx_hal_tim_ex.o(i.HAL_TIMEx_ConfigBreakInput)
    HAL_TIMEx_DirectionChangeCallback        0x08004d71   Thumb Code     2  stm32g4xx_hal_tim_ex.o(i.HAL_TIMEx_DirectionChangeCallback)
    HAL_TIMEx_EncoderIndexCallback           0x08004d73   Thumb Code     2  stm32g4xx_hal_tim_ex.o(i.HAL_TIMEx_EncoderIndexCallback)
    HAL_TIMEx_HallSensor_Init                0x08004d75   Thumb Code   234  stm32g4xx_hal_tim_ex.o(i.HAL_TIMEx_HallSensor_Init)
    HAL_TIMEx_HallSensor_MspInit             0x08004e6d   Thumb Code     2  stm32g4xx_hal_tim_ex.o(i.HAL_TIMEx_HallSensor_MspInit)
    HAL_TIMEx_HallSensor_Start_IT            0x08004e71   Thumb Code   192  stm32g4xx_hal_tim_ex.o(i.HAL_TIMEx_HallSensor_Start_IT)
    HAL_TIMEx_IndexErrorCallback             0x08004f49   Thumb Code     2  stm32g4xx_hal_tim_ex.o(i.HAL_TIMEx_IndexErrorCallback)
    HAL_TIMEx_MasterConfigSynchronization    0x08004f4d   Thumb Code   158  stm32g4xx_hal_tim_ex.o(i.HAL_TIMEx_MasterConfigSynchronization)
    HAL_TIMEx_PWMN_Start                     0x08005005   Thumb Code   206  stm32g4xx_hal_tim_ex.o(i.HAL_TIMEx_PWMN_Start)
    HAL_TIMEx_PWMN_Stop                      0x080050ed   Thumb Code   136  stm32g4xx_hal_tim_ex.o(i.HAL_TIMEx_PWMN_Stop)
    HAL_TIMEx_TransitionErrorCallback        0x08005175   Thumb Code     2  stm32g4xx_hal_tim_ex.o(i.HAL_TIMEx_TransitionErrorCallback)
    HAL_TIM_Base_Init                        0x08005177   Thumb Code   110  stm32g4xx_hal_tim.o(i.HAL_TIM_Base_Init)
    HAL_TIM_Base_MspInit                     0x080051e5   Thumb Code   210  tim.o(i.HAL_TIM_Base_MspInit)
    HAL_TIM_Base_Start                       0x080052c9   Thumb Code   118  stm32g4xx_hal_tim.o(i.HAL_TIM_Base_Start)
    HAL_TIM_ConfigClockSource                0x08005359   Thumb Code   296  stm32g4xx_hal_tim.o(i.HAL_TIM_ConfigClockSource)
    HAL_TIM_IC_CaptureCallback               0x08005489   Thumb Code   354  main.o(i.HAL_TIM_IC_CaptureCallback)
    HAL_TIM_IRQHandler                       0x08005631   Thumb Code   576  stm32g4xx_hal_tim.o(i.HAL_TIM_IRQHandler)
    HAL_TIM_MspPostInit                      0x08005871   Thumb Code   166  tim.o(i.HAL_TIM_MspPostInit)
    HAL_TIM_OC_DelayElapsedCallback          0x08005925   Thumb Code     2  stm32g4xx_hal_tim.o(i.HAL_TIM_OC_DelayElapsedCallback)
    HAL_TIM_PWM_ConfigChannel                0x08005927   Thumb Code   360  stm32g4xx_hal_tim.o(i.HAL_TIM_PWM_ConfigChannel)
    HAL_TIM_PWM_Init                         0x08005a8f   Thumb Code   110  stm32g4xx_hal_tim.o(i.HAL_TIM_PWM_Init)
    HAL_TIM_PWM_MspInit                      0x08005afd   Thumb Code     2  stm32g4xx_hal_tim.o(i.HAL_TIM_PWM_MspInit)
    HAL_TIM_PWM_PulseFinishedCallback        0x08005aff   Thumb Code     2  stm32g4xx_hal_tim.o(i.HAL_TIM_PWM_PulseFinishedCallback)
    HAL_TIM_PWM_Start                        0x08005b01   Thumb Code   298  stm32g4xx_hal_tim.o(i.HAL_TIM_PWM_Start)
    HAL_TIM_PWM_Stop                         0x08005c4d   Thumb Code   208  stm32g4xx_hal_tim.o(i.HAL_TIM_PWM_Stop)
    HAL_TIM_PeriodElapsedCallback            0x08005d31   Thumb Code     2  stm32g4xx_hal_tim.o(i.HAL_TIM_PeriodElapsedCallback)
    HAL_TIM_ReadCapturedValue                0x08005d33   Thumb Code    50  stm32g4xx_hal_tim.o(i.HAL_TIM_ReadCapturedValue)
    HAL_TIM_TriggerCallback                  0x08005d65   Thumb Code     2  stm32g4xx_hal_tim.o(i.HAL_TIM_TriggerCallback)
    HAL_UARTEx_DisableFifoMode               0x08005d67   Thumb Code    78  stm32g4xx_hal_uart_ex.o(i.HAL_UARTEx_DisableFifoMode)
    HAL_UARTEx_RxEventCallback               0x08005db5   Thumb Code     2  stm32g4xx_hal_uart.o(i.HAL_UARTEx_RxEventCallback)
    HAL_UARTEx_RxFifoFullCallback            0x08005db7   Thumb Code     2  stm32g4xx_hal_uart_ex.o(i.HAL_UARTEx_RxFifoFullCallback)
    HAL_UARTEx_SetRxFifoThreshold            0x08005db9   Thumb Code    94  stm32g4xx_hal_uart_ex.o(i.HAL_UARTEx_SetRxFifoThreshold)
    HAL_UARTEx_SetTxFifoThreshold            0x08005e17   Thumb Code    94  stm32g4xx_hal_uart_ex.o(i.HAL_UARTEx_SetTxFifoThreshold)
    HAL_UARTEx_TxFifoEmptyCallback           0x08005e75   Thumb Code     2  stm32g4xx_hal_uart_ex.o(i.HAL_UARTEx_TxFifoEmptyCallback)
    HAL_UARTEx_WakeupCallback                0x08005e77   Thumb Code     2  stm32g4xx_hal_uart_ex.o(i.HAL_UARTEx_WakeupCallback)
    HAL_UART_ErrorCallback                   0x08005e79   Thumb Code     2  stm32g4xx_hal_uart.o(i.HAL_UART_ErrorCallback)
    HAL_UART_IRQHandler                      0x08005e7d   Thumb Code   762  stm32g4xx_hal_uart.o(i.HAL_UART_IRQHandler)
    HAL_UART_Init                            0x08006185   Thumb Code   120  stm32g4xx_hal_uart.o(i.HAL_UART_Init)
    HAL_UART_MspInit                         0x080061fd   Thumb Code   178  usart.o(i.HAL_UART_MspInit)
    HAL_UART_Receive_IT                      0x080062c5   Thumb Code    96  stm32g4xx_hal_uart.o(i.HAL_UART_Receive_IT)
    HAL_UART_RxCpltCallback                  0x08006329   Thumb Code    76  main.o(i.HAL_UART_RxCpltCallback)
    HAL_UART_Transmit                        0x0800638d   Thumb Code   214  stm32g4xx_hal_uart.o(i.HAL_UART_Transmit)
    HAL_UART_Transmit_DMA                    0x08006465   Thumb Code   172  stm32g4xx_hal_uart.o(i.HAL_UART_Transmit_DMA)
    HAL_UART_TxCpltCallback                  0x0800651d   Thumb Code     2  stm32g4xx_hal_uart.o(i.HAL_UART_TxCpltCallback)
    HAL_UART_TxHalfCpltCallback              0x0800651f   Thumb Code     2  stm32g4xx_hal_uart.o(i.HAL_UART_TxHalfCpltCallback)
    HFI_Init                                 0x08006521   Thumb Code   178  high_frequency_injection.o(i.HFI_Init)
    HFI_Process                              0x0800660d   Thumb Code   436  high_frequency_injection.o(i.HFI_Process)
    HardFault_Handler                        0x080067fd   Thumb Code     4  stm32g4xx_it.o(i.HardFault_Handler)
    IIR_Butterworth                          0x08006801   Thumb Code    94  high_frequency_injection.o(i.IIR_Butterworth)
    IIR_Butterworth_Coefficient_Init         0x08006861   Thumb Code    82  high_frequency_injection.o(i.IIR_Butterworth_Coefficient_Init)
    MX_ADC1_Init                             0x08006a61   Thumb Code   254  adc.o(i.MX_ADC1_Init)
    MX_ADC2_Init                             0x08006b71   Thumb Code   198  adc.o(i.MX_ADC2_Init)
    MX_COMP1_Init                            0x08006c49   Thumb Code    42  comp.o(i.MX_COMP1_Init)
    MX_DAC1_Init                             0x08006c7d   Thumb Code    80  dac.o(i.MX_DAC1_Init)
    MX_DAC3_Init                             0x08006cd5   Thumb Code    80  dac.o(i.MX_DAC3_Init)
    MX_DMA_Init                              0x08006d2d   Thumb Code    74  dma.o(i.MX_DMA_Init)
    MX_FDCAN1_Init                           0x08006d7d   Thumb Code    80  fdcan.o(i.MX_FDCAN1_Init)
    MX_GPIO_Init                             0x08006dd5   Thumb Code   192  gpio.o(i.MX_GPIO_Init)
    MX_OPAMP1_Init                           0x08006ea1   Thumb Code    40  opamp.o(i.MX_OPAMP1_Init)
    MX_OPAMP2_Init                           0x08006ed1   Thumb Code    40  opamp.o(i.MX_OPAMP2_Init)
    MX_OPAMP3_Init                           0x08006f01   Thumb Code    40  opamp.o(i.MX_OPAMP3_Init)
    MX_TIM1_Init                             0x08006f31   Thumb Code   334  tim.o(i.MX_TIM1_Init)
    MX_TIM4_Init                             0x08007089   Thumb Code   140  tim.o(i.MX_TIM4_Init)
    MX_USART3_UART_Init                      0x0800711d   Thumb Code    98  usart.o(i.MX_USART3_UART_Init)
    MemManage_Handler                        0x08007189   Thumb Code     4  stm32g4xx_it.o(i.MemManage_Handler)
    NMI_Handler                              0x0800718d   Thumb Code     4  stm32g4xx_it.o(i.NMI_Handler)
    Park_Transf                              0x08007191   Thumb Code    70  foc_algorithm.o(i.Park_Transf)
    PendSV_Handler                           0x080071d7   Thumb Code     2  stm32g4xx_it.o(i.PendSV_Handler)
    Rev_Park_Transf                          0x08007241   Thumb Code    66  foc_algorithm.o(i.Rev_Park_Transf)
    SVC_Handler                              0x08007283   Thumb Code     2  stm32g4xx_it.o(i.SVC_Handler)
    SVPWM_Calc                               0x08007285   Thumb Code   690  foc_algorithm.o(i.SVPWM_Calc)
    Speed_Pid_Calc                           0x0800754d   Thumb Code   122  speed_pid.o(i.Speed_Pid_Calc)
    SysTick_Handler                          0x080075cd   Thumb Code    54  stm32g4xx_it.o(i.SysTick_Handler)
    SystemClock_Config                       0x0800761d   Thumb Code   142  main.o(i.SystemClock_Config)
    SystemInit                               0x080076ad   Thumb Code    14  system_stm32g4xx.o(i.SystemInit)
    TIM1_BRK_TIM15_IRQHandler                0x080076c1   Thumb Code    10  stm32g4xx_it.o(i.TIM1_BRK_TIM15_IRQHandler)
    TIM1_CC_IRQHandler                       0x080076d1   Thumb Code    10  stm32g4xx_it.o(i.TIM1_CC_IRQHandler)
    TIM1_UP_TIM16_IRQHandler                 0x080076e1   Thumb Code    10  stm32g4xx_it.o(i.TIM1_UP_TIM16_IRQHandler)
    TIM4_IRQHandler                          0x080076f1   Thumb Code    10  stm32g4xx_it.o(i.TIM4_IRQHandler)
    TIM_Base_SetConfig                       0x08007701   Thumb Code   158  stm32g4xx_hal_tim.o(i.TIM_Base_SetConfig)
    TIM_CCxChannelCmd                        0x080077bd   Thumb Code    34  stm32g4xx_hal_tim.o(i.TIM_CCxChannelCmd)
    TIM_ETR_SetConfig                        0x08007801   Thumb Code    22  stm32g4xx_hal_tim.o(i.TIM_ETR_SetConfig)
    TIM_OC2_SetConfig                        0x080078dd   Thumb Code   156  stm32g4xx_hal_tim.o(i.TIM_OC2_SetConfig)
    TIM_TI1_SetConfig                        0x08007c01   Thumb Code   102  stm32g4xx_hal_tim.o(i.TIM_TI1_SetConfig)
    UART_AdvFeatureConfig                    0x08007cfd   Thumb Code   248  stm32g4xx_hal_uart.o(i.UART_AdvFeatureConfig)
    UART_CheckIdleState                      0x08007df5   Thumb Code   118  stm32g4xx_hal_uart.o(i.UART_CheckIdleState)
    UART_SetConfig                           0x08008391   Thumb Code   866  stm32g4xx_hal_uart.o(i.UART_SetConfig)
    UART_Start_Receive_IT                    0x0800871d   Thumb Code   256  stm32g4xx_hal_uart.o(i.UART_Start_Receive_IT)
    UART_WaitOnFlagUntilTimeout              0x0800882d   Thumb Code   190  stm32g4xx_hal_uart.o(i.UART_WaitOnFlagUntilTimeout)
    USART3_IRQHandler                        0x080088ed   Thumb Code    10  stm32g4xx_it.o(i.USART3_IRQHandler)
    UsageFault_Handler                       0x080088fd   Thumb Code     4  stm32g4xx_it.o(i.UsageFault_Handler)
    __ARM_fpclassifyf                        0x08008901   Thumb Code    38  fpclassifyf.o(i.__ARM_fpclassifyf)
    __hardfp_cosf                            0x08008961   Thumb Code   280  cosf.o(i.__hardfp_cosf)
    __hardfp_sinf                            0x08008ab1   Thumb Code   344  sinf.o(i.__hardfp_sinf)
    __mathlib_flt_infnan                     0x08008c41   Thumb Code     6  funder.o(i.__mathlib_flt_infnan)
    __mathlib_flt_invalid                    0x08008c49   Thumb Code    10  funder.o(i.__mathlib_flt_invalid)
    __mathlib_flt_underflow                  0x08008c59   Thumb Code    10  funder.o(i.__mathlib_flt_underflow)
    __mathlib_rredf2                         0x08008c69   Thumb Code   316  rredf.o(i.__mathlib_rredf2)
    d_direction_process                      0x08008dbd   Thumb Code   230  high_frequency_injection.o(i.d_direction_process)
    flux_observer_Outputs_wrapper            0x08008ed5   Thumb Code   486  flux_observer.o(i.flux_observer_Outputs_wrapper)
    foc_algorithm_initialize                 0x08009101   Thumb Code   260  foc_algorithm.o(i.foc_algorithm_initialize)
    foc_algorithm_step                       0x0800924d   Thumb Code   386  foc_algorithm.o(i.foc_algorithm_step)
    main                                     0x0800940d   Thumb Code   308  main.o(i.main)
    motor_run                                0x08009589   Thumb Code   396  main.o(i.motor_run)
    speed_pid_initialize                     0x08009775   Thumb Code    70  speed_pid.o(i.speed_pid_initialize)
    _fp_init                                 0x080097d9   Thumb Code    10  fpinit.o(x$fpl$fpinit)
    __fplib_config_fpu_vfp                   0x080097e1   Thumb Code     0  fpinit.o(x$fpl$fpinit)
    __fplib_config_pureend_doubles           0x080097e1   Thumb Code     0  fpinit.o(x$fpl$fpinit)
    __I$use$fp                               0x080097e2   Number         0  usenofp.o(x$fpl$usenofp)
    UARTPrescTable                           0x080097f2   Data          24  stm32g4xx_hal_uart.o(.constdata)
    AHBPrescTable                            0x0800981a   Data          16  system_stm32g4xx.o(.constdata)
    APBPrescTable                            0x0800982a   Data           8  system_stm32g4xx.o(.constdata)
    sinTable_f32                             0x080098f4   Data        2052  arm_common_tables.o(.rodata.sinTable_f32)
    Region$$Table$$Base                      0x0800a0f8   Number         0  anon$$obj.o(Region$$Table)
    Region$$Table$$Limit                     0x0800a118   Number         0  anon$$obj.o(Region$$Table)
    DataB1                                   0x20000000   Data          32  main.o(.data)
    DataB2                                   0x20000020   Data          32  main.o(.data)
    DataB3                                   0x20000040   Data          32  main.o(.data)
    aRxBuffer                                0x20000060   Data           1  main.o(.data)
    Uart1_Rx_Cnt                             0x20000061   Data           1  main.o(.data)
    DAC_temp                                 0x2000007a   Data           2  main.o(.data)
    speed_close_loop_flag                    0x2000007c   Data           1  main.o(.data)
    Vbus                                     0x20000080   Data           4  main.o(.data)
    Ia                                       0x20000084   Data           4  main.o(.data)
    Ib                                       0x20000088   Data           4  main.o(.data)
    Ic                                       0x2000008c   Data           4  main.o(.data)
    Motor_state                              0x20000090   Data           1  main.o(.data)
    IA_Offset                                0x20000092   Data           2  main.o(.data)
    IB_Offset                                0x20000094   Data           2  main.o(.data)
    IC_Offset                                0x20000096   Data           2  main.o(.data)
    adc1_in1                                 0x20000098   Data           2  main.o(.data)
    adc1_in2                                 0x2000009a   Data           2  main.o(.data)
    adc1_in3                                 0x2000009c   Data           2  main.o(.data)
    adc1_in4                                 0x2000009e   Data           2  main.o(.data)
    Vpoten                                   0x200000a0   Data           2  main.o(.data)
    adc_vbus                                 0x200000a2   Data           2  main.o(.data)
    ADC_offset                               0x200000a4   Data           1  main.o(.data)
    finalspeed                               0x200000a6   Data           2  main.o(.data)
    RxData                                   0x200000a8   Data           8  main.o(.data)
    TxData                                   0x200000b0   Data           8  main.o(.data)
    HallTemp                                 0x200000b8   Data           4  main.o(.data)
    HallThetaAdd                             0x200000bc   Data           4  main.o(.data)
    HallTheta                                0x200000c0   Data           4  main.o(.data)
    HallSpeed                                0x200000c4   Data           4  main.o(.data)
    HallSpeedLast                            0x200000c8   Data           4  main.o(.data)
    HallSpeedtest                            0x200000cc   Data           4  main.o(.data)
    alpha                                    0x200000d0   Data           4  main.o(.data)
    HallReadTemp                             0x200000d4   Data           1  main.o(.data)
    hfi_to_flux_ob_flag                      0x200000dc   Data           1  main.o(.data)
    aalpha                                   0x200000e0   Data           4  main.o(.data)
    theta_add1                               0x200000e4   Data           4  main.o(.data)
    obsever                                  0x200000e8   Data           4  main.o(.data)
    speedset                                 0x200000f4   Data           2  stm32g4xx_it.o(.data)
    uwTick                                   0x200000f8   Data           4  stm32g4xx_hal.o(.data)
    uwTickPrio                               0x200000fc   Data           4  stm32g4xx_hal.o(.data)
    uwTickFreq                               0x20000100   Data           4  stm32g4xx_hal.o(.data)
    SystemCoreClock                          0x20000104   Data           4  system_stm32g4xx.o(.data)
    FLUX_PLL                                 0x20000108   Data           8  flux_observer.o(.data)
    pre_theta                                0x20000110   Data           4  flux_observer.o(.data)
    theta_error                              0x20000114   Data           4  flux_observer.o(.data)
    pre_theta_error                          0x20000118   Data           4  flux_observer.o(.data)
    alpha_temp                               0x2000011c   Data           4  flux_observer.o(.data)
    beta_temp                                0x20000120   Data           4  flux_observer.o(.data)
    alpha_int                                0x20000124   Data           4  flux_observer.o(.data)
    beta_int                                 0x20000128   Data           4  flux_observer.o(.data)
    Beta_psi                                 0x2000012c   Data           4  flux_observer.o(.data)
    Beta_psi_pre                             0x20000130   Data           4  flux_observer.o(.data)
    Alpha_psi                                0x20000134   Data           4  flux_observer.o(.data)
    Alpha_psi_pre                            0x20000138   Data           4  flux_observer.o(.data)
    Y1                                       0x2000013c   Data           4  flux_observer.o(.data)
    Y2                                       0x20000140   Data           4  flux_observer.o(.data)
    eta_x1                                   0x20000144   Data           4  flux_observer.o(.data)
    eta_x2                                   0x20000148   Data           4  flux_observer.o(.data)
    X1_k                                     0x2000014c   Data           4  flux_observer.o(.data)
    X2_k                                     0x20000150   Data           4  flux_observer.o(.data)
    X1_k_1                                   0x20000154   Data           4  flux_observer.o(.data)
    X2_k_1                                   0x20000158   Data           4  flux_observer.o(.data)
    fluxpll_integrator                       0x2000015c   Data           4  flux_observer.o(.data)
    hfi_cnt                                  0x20000160   Data           4  high_frequency_injection.o(.data)
    HFI_inj_volt_amp                         0x20000164   Data           4  high_frequency_injection.o(.data)
    HFI_inj_volt_amp_temp                    0x20000168   Data           4  high_frequency_injection.o(.data)
    hfi_integrator                           0x2000016c   Data           4  high_frequency_injection.o(.data)
    HFI_inj_volt_amp_ok                      0x20000170   Data           1  high_frequency_injection.o(.data)
    HFI_inj_volt_amp_ok_cnt                  0x20000172   Data           2  high_frequency_injection.o(.data)
    d_direction_ok                           0x20000174   Data           1  high_frequency_injection.o(.data)
    id_index                                 0x20000175   Data           1  high_frequency_injection.o(.data)
    id_max                                   0x20000178   Data           4  high_frequency_injection.o(.data)
    id_min                                   0x2000017c   Data           4  high_frequency_injection.o(.data)
    d_direction_ok_cnt1                      0x20000180   Data           2  high_frequency_injection.o(.data)
    d_direction_ok_cnt2                      0x20000182   Data           2  high_frequency_injection.o(.data)
    d_direction_flag                         0x20000184   Data           1  high_frequency_injection.o(.data)
    hfi_to_flux_cnt                          0x20000186   Data           2  high_frequency_injection.o(.data)
    id_max_1                                 0x20000188   Data           4  high_frequency_injection.o(.data)
    id_min_1                                 0x2000018c   Data           4  high_frequency_injection.o(.data)
    D_PI_I                                   0x20000190   Data           4  foc_algorithm.o(.data)
    D_PI_KB                                  0x20000194   Data           4  foc_algorithm.o(.data)
    D_PI_LOW_LIMIT                           0x20000198   Data           4  foc_algorithm.o(.data)
    D_PI_P                                   0x2000019c   Data           4  foc_algorithm.o(.data)
    D_PI_UP_LIMIT                            0x200001a0   Data           4  foc_algorithm.o(.data)
    Q_PI_I                                   0x200001a4   Data           4  foc_algorithm.o(.data)
    Q_PI_KB                                  0x200001a8   Data           4  foc_algorithm.o(.data)
    Q_PI_LOW_LIMIT                           0x200001ac   Data           4  foc_algorithm.o(.data)
    Q_PI_P                                   0x200001b0   Data           4  foc_algorithm.o(.data)
    Q_PI_UP_LIMIT                            0x200001b4   Data           4  foc_algorithm.o(.data)
    Current_Ialpha_beta                      0x200001b8   Data           8  foc_algorithm.o(.data)
    Voltage_Alpha_Beta                       0x200001c0   Data           8  foc_algorithm.o(.data)
    Transf_Cos_Sin                           0x200001c8   Data           8  foc_algorithm.o(.data)
    Current_Idq                              0x200001d0   Data           8  foc_algorithm.o(.data)
    Current_Lpf_Idq                          0x200001d8   Data           8  foc_algorithm.o(.data)
    Voltage_DQ                               0x200001e0   Data           8  foc_algorithm.o(.data)
    temp1                                    0x200001e8   Data           2  foc_algorithm.o(.data)
    temp2                                    0x200001ea   Data           2  foc_algorithm.o(.data)
    angle_20hz                               0x200001ec   Data           4  foc_algorithm.o(.data)
    angle_500hz                              0x200001f0   Data           4  foc_algorithm.o(.data)
    sin_20hz                                 0x200001f4   Data           4  foc_algorithm.o(.data)
    sin_500hz                                0x200001f8   Data           4  foc_algorithm.o(.data)
    sin_20_500hz                             0x200001fc   Data           4  foc_algorithm.o(.data)
    lpf_out                                  0x20000200   Data           4  foc_algorithm.o(.data)
    bpf_out                                  0x20000204   Data           4  foc_algorithm.o(.data)
    hz_100_cnt                               0x20000208   Data           2  low_task.o(.data)
    motor_start_stop                         0x2000020a   Data           1  low_task.o(.data)
    motor_start_stop_pre                     0x2000020b   Data           1  low_task.o(.data)
    key1_flag                                0x2000020c   Data           1  low_task.o(.data)
    key2_flag                                0x2000020d   Data           1  low_task.o(.data)
    key3_flag                                0x2000020e   Data           1  low_task.o(.data)
    SPEED_PI_I                               0x20000210   Data           4  speed_pid.o(.data)
    SPEED_PI_KB                              0x20000214   Data           4  speed_pid.o(.data)
    SPEED_PI_LOW_LIMIT                       0x20000218   Data           4  speed_pid.o(.data)
    SPEED_PI_P                               0x2000021c   Data           4  speed_pid.o(.data)
    SPEED_PI_UP_LIMIT                        0x20000220   Data           4  speed_pid.o(.data)
    Speed_Ref                                0x20000224   Data           4  speed_pid.o(.data)
    Speed_Fdk                                0x20000228   Data           4  speed_pid.o(.data)
    Speed_Pid_Out                            0x2000022c   Data           4  speed_pid.o(.data)
    RxBuffer                                 0x20000230   Data         256  main.o(.bss)
    load_data                                0x20000330   Data          20  main.o(.bss)
    RxHeader                                 0x20000344   Data          40  main.o(.bss)
    TxHeader                                 0x2000036c   Data          36  main.o(.bss)
    hadc1                                    0x20000390   Data         108  adc.o(.bss)
    hadc2                                    0x200003fc   Data         108  adc.o(.bss)
    hcomp1                                   0x20000468   Data          36  comp.o(.bss)
    hdac1                                    0x2000048c   Data          20  dac.o(.bss)
    hdac3                                    0x200004a0   Data          20  dac.o(.bss)
    hfdcan1                                  0x200004b4   Data         100  fdcan.o(.bss)
    hopamp1                                  0x20000518   Data          60  opamp.o(.bss)
    hopamp2                                  0x20000554   Data          60  opamp.o(.bss)
    hopamp3                                  0x20000590   Data          60  opamp.o(.bss)
    htim1                                    0x200005cc   Data          76  tim.o(.bss)
    htim4                                    0x20000618   Data          76  tim.o(.bss)
    huart3                                   0x20000664   Data         144  usart.o(.bss)
    hdma_usart3_tx                           0x200006f4   Data          96  usart.o(.bss)
    rtDW                                     0x20000758   Data         144  foc_model.o(.bss)
    rtU                                      0x200007e8   Data          32  foc_model.o(.bss)
    rtY                                      0x20000808   Data          12  foc_model.o(.bss)
    Flux_Observer                            0x20000824   Data          12  flux_observer.o(.bss)
    WE_IIR_LPF_Par                           0x20000830   Data          40  high_frequency_injection.o(.bss)
    D_IIR_LPF_Par                            0x20000858   Data          40  high_frequency_injection.o(.bss)
    Q_IIR_LPF_Par                            0x20000880   Data          40  high_frequency_injection.o(.bss)
    Q_IIR_BPF_Par                            0x200008a8   Data          40  high_frequency_injection.o(.bss)
    ERR_IIR_LPF_Par                          0x200008d0   Data          40  high_frequency_injection.o(.bss)
    HFI_Par                                  0x200008f8   Data          12  high_frequency_injection.o(.bss)
    HFI_PID                                  0x20000904   Data          24  high_frequency_injection.o(.bss)
    FOC_Interface_states                     0x20000920   Data         112  foc_algorithm.o(.bss)
    FOC_Input                                0x20000990   Data          48  foc_algorithm.o(.bss)
    FOC_Output                               0x200009c0   Data          40  foc_algorithm.o(.bss)
    Current_Iabc                             0x200009e8   Data          12  foc_algorithm.o(.bss)
    Current_D_PID                            0x200009f4   Data          28  foc_algorithm.o(.bss)
    Current_Q_PID                            0x20000a10   Data          28  foc_algorithm.o(.bss)
    Speed_Pid                                0x20000a2c   Data          28  speed_pid.o(.bss)
    __libspace_start                         0x20000a48   Data          96  libspace.o(.bss)
    __temporary_stack_top$libspace           0x20000aa8   Data           0  libspace.o(.bss)



==============================================================================

Memory Map of the image

  Image Entry point : 0x080001d9

  Load Region LR_IROM1 (Base: 0x08000000, Size: 0x0000a348, Max: 0x00020000, ABSOLUTE, COMPRESSED[0x0000a190])

    Execution Region ER_IROM1 (Base: 0x08000000, Size: 0x0000a118, Max: 0x00020000, ABSOLUTE)

    Base Addr    Size         Type   Attr      Idx    E Section Name        Object

    0x08000000   0x000001d8   Data   RO            3    RESET               startup_stm32g431xx.o
    0x080001d8   0x00000008   Code   RO         6035  * !!!main             c_w.l(__main.o)
    0x080001e0   0x00000034   Code   RO         6370    !!!scatter          c_w.l(__scatter.o)
    0x08000214   0x0000005a   Code   RO         6368    !!dczerorl2         c_w.l(__dczerorl2.o)
    0x0800026e   0x00000002   PAD
    0x08000270   0x0000001c   Code   RO         6372    !!handler_zi        c_w.l(__scatter_zi.o)
    0x0800028c   0x00000002   Code   RO         6235    .ARM.Collect$$libinit$$00000000  c_w.l(libinit.o)
    0x0800028e   0x00000004   Code   RO         6246    .ARM.Collect$$libinit$$00000001  c_w.l(libinit2.o)
    0x08000292   0x00000000   Code   RO         6249    .ARM.Collect$$libinit$$00000004  c_w.l(libinit2.o)
    0x08000292   0x00000000   Code   RO         6252    .ARM.Collect$$libinit$$0000000A  c_w.l(libinit2.o)
    0x08000292   0x00000000   Code   RO         6254    .ARM.Collect$$libinit$$0000000C  c_w.l(libinit2.o)
    0x08000292   0x00000000   Code   RO         6256    .ARM.Collect$$libinit$$0000000E  c_w.l(libinit2.o)
    0x08000292   0x00000000   Code   RO         6259    .ARM.Collect$$libinit$$00000011  c_w.l(libinit2.o)
    0x08000292   0x00000000   Code   RO         6261    .ARM.Collect$$libinit$$00000013  c_w.l(libinit2.o)
    0x08000292   0x00000000   Code   RO         6263    .ARM.Collect$$libinit$$00000015  c_w.l(libinit2.o)
    0x08000292   0x00000000   Code   RO         6265    .ARM.Collect$$libinit$$00000017  c_w.l(libinit2.o)
    0x08000292   0x00000000   Code   RO         6267    .ARM.Collect$$libinit$$00000019  c_w.l(libinit2.o)
    0x08000292   0x00000000   Code   RO         6269    .ARM.Collect$$libinit$$0000001B  c_w.l(libinit2.o)
    0x08000292   0x00000000   Code   RO         6271    .ARM.Collect$$libinit$$0000001D  c_w.l(libinit2.o)
    0x08000292   0x00000000   Code   RO         6273    .ARM.Collect$$libinit$$0000001F  c_w.l(libinit2.o)
    0x08000292   0x00000000   Code   RO         6275    .ARM.Collect$$libinit$$00000021  c_w.l(libinit2.o)
    0x08000292   0x00000000   Code   RO         6277    .ARM.Collect$$libinit$$00000023  c_w.l(libinit2.o)
    0x08000292   0x00000000   Code   RO         6279    .ARM.Collect$$libinit$$00000025  c_w.l(libinit2.o)
    0x08000292   0x00000000   Code   RO         6283    .ARM.Collect$$libinit$$0000002C  c_w.l(libinit2.o)
    0x08000292   0x00000000   Code   RO         6285    .ARM.Collect$$libinit$$0000002E  c_w.l(libinit2.o)
    0x08000292   0x00000000   Code   RO         6287    .ARM.Collect$$libinit$$00000030  c_w.l(libinit2.o)
    0x08000292   0x00000000   Code   RO         6289    .ARM.Collect$$libinit$$00000032  c_w.l(libinit2.o)
    0x08000292   0x00000002   Code   RO         6290    .ARM.Collect$$libinit$$00000033  c_w.l(libinit2.o)
    0x08000294   0x00000002   Code   RO         6323    .ARM.Collect$$libshutdown$$00000000  c_w.l(libshutdown.o)
    0x08000296   0x00000000   Code   RO         6349    .ARM.Collect$$libshutdown$$00000002  c_w.l(libshutdown2.o)
    0x08000296   0x00000000   Code   RO         6351    .ARM.Collect$$libshutdown$$00000004  c_w.l(libshutdown2.o)
    0x08000296   0x00000000   Code   RO         6353    .ARM.Collect$$libshutdown$$00000006  c_w.l(libshutdown2.o)
    0x08000296   0x00000000   Code   RO         6356    .ARM.Collect$$libshutdown$$00000009  c_w.l(libshutdown2.o)
    0x08000296   0x00000000   Code   RO         6359    .ARM.Collect$$libshutdown$$0000000C  c_w.l(libshutdown2.o)
    0x08000296   0x00000000   Code   RO         6361    .ARM.Collect$$libshutdown$$0000000E  c_w.l(libshutdown2.o)
    0x08000296   0x00000000   Code   RO         6364    .ARM.Collect$$libshutdown$$00000011  c_w.l(libshutdown2.o)
    0x08000296   0x00000002   Code   RO         6365    .ARM.Collect$$libshutdown$$00000012  c_w.l(libshutdown2.o)
    0x08000298   0x00000000   Code   RO         6119    .ARM.Collect$$rtentry$$00000000  c_w.l(__rtentry.o)
    0x08000298   0x00000000   Code   RO         6182    .ARM.Collect$$rtentry$$00000002  c_w.l(__rtentry2.o)
    0x08000298   0x00000006   Code   RO         6194    .ARM.Collect$$rtentry$$00000004  c_w.l(__rtentry4.o)
    0x0800029e   0x00000000   Code   RO         6184    .ARM.Collect$$rtentry$$00000009  c_w.l(__rtentry2.o)
    0x0800029e   0x00000004   Code   RO         6185    .ARM.Collect$$rtentry$$0000000A  c_w.l(__rtentry2.o)
    0x080002a2   0x00000000   Code   RO         6187    .ARM.Collect$$rtentry$$0000000C  c_w.l(__rtentry2.o)
    0x080002a2   0x00000008   Code   RO         6188    .ARM.Collect$$rtentry$$0000000D  c_w.l(__rtentry2.o)
    0x080002aa   0x00000002   Code   RO         6238    .ARM.Collect$$rtexit$$00000000  c_w.l(rtexit.o)
    0x080002ac   0x00000000   Code   RO         6296    .ARM.Collect$$rtexit$$00000002  c_w.l(rtexit2.o)
    0x080002ac   0x00000004   Code   RO         6297    .ARM.Collect$$rtexit$$00000003  c_w.l(rtexit2.o)
    0x080002b0   0x00000006   Code   RO         6298    .ARM.Collect$$rtexit$$00000004  c_w.l(rtexit2.o)
    0x080002b6   0x00000002   PAD
    0x080002b8   0x00000040   Code   RO            4    .text               startup_stm32g431xx.o
    0x080002f8   0x000000ee   Code   RO         6025    .text               c_w.l(lludivv7m.o)
    0x080003e6   0x0000008a   Code   RO         6027    .text               c_w.l(rt_memcpy_v6.o)
    0x08000470   0x00000064   Code   RO         6029    .text               c_w.l(rt_memcpy_w.o)
    0x080004d4   0x0000004e   Code   RO         6031    .text               c_w.l(rt_memclr_w.o)
    0x08000522   0x00000006   Code   RO         6033    .text               c_w.l(heapauxi.o)
    0x08000528   0x00000016   Code   RO         6124    .text               c_w.l(_rserrno.o)
    0x0800053e   0x00000002   PAD
    0x08000540   0x00000008   Code   RO         6201    .text               c_w.l(rt_errno_addr_intlibspace.o)
    0x08000548   0x00000008   Code   RO         6219    .text               c_w.l(libspace.o)
    0x08000550   0x0000004a   Code   RO         6222    .text               c_w.l(sys_stackheap_outer.o)
    0x0800059a   0x00000012   Code   RO         6224    .text               c_w.l(exit.o)
    0x080005ac   0x0000000c   Code   RO         6293    .text               c_w.l(sys_exit.o)
    0x080005b8   0x00000002   Code   RO         6312    .text               c_w.l(use_no_semi.o)
    0x080005ba   0x00000000   Code   RO         6314    .text               c_w.l(indicate_semi.o)
    0x080005ba   0x00000002   PAD
    0x080005bc   0x000000a0   Code   RO         5909    .text.arm_cos_f32   arm_cortexM4lf_math.lib(arm_cos_f32.o)
    0x0800065c   0x00000098   Code   RO         5919    .text.arm_sin_f32   arm_cortexM4lf_math.lib(arm_sin_f32.o)
    0x080006f4   0x00000018   Code   RO          711    i.ADC1_2_IRQHandler  stm32g4xx_it.o
    0x0800070c   0x00000094   Code   RO          878    i.ADC_Disable       stm32g4xx_hal_adc.o
    0x080007a0   0x00000084   Code   RO          879    i.ADC_Enable        stm32g4xx_hal_adc.o
    0x08000824   0x0000002a   Code   RO         5770    i.Angle_To_Cos_Sin  foc_algorithm.o
    0x0800084e   0x00000004   Code   RO          712    i.BusFault_Handler  stm32g4xx_it.o
    0x08000852   0x00000002   PAD
    0x08000854   0x00000010   Code   RO          713    i.COMP1_2_3_IRQHandler  stm32g4xx_it.o
    0x08000864   0x00000064   Code   RO         5771    i.Clarke_Transf     foc_algorithm.o
    0x080008c8   0x00000080   Code   RO         5772    i.Current_PID_Calc  foc_algorithm.o
    0x08000948   0x00000010   Code   RO          714    i.DMA1_Channel1_IRQHandler  stm32g4xx_it.o
    0x08000958   0x00000044   Code   RO         2279    i.DMA_CalcDMAMUXChannelBaseAndMask  stm32g4xx_hal_dma.o
    0x0800099c   0x00000024   Code   RO         2280    i.DMA_CalcDMAMUXRequestGenBaseAndMask  stm32g4xx_hal_dma.o
    0x080009c0   0x00000040   Code   RO         2281    i.DMA_SetConfig     stm32g4xx_hal_dma.o
    0x08000a00   0x00000002   Code   RO          715    i.DebugMon_Handler  stm32g4xx_it.o
    0x08000a02   0x0000001c   Code   RO          716    i.EXTI15_10_IRQHandler  stm32g4xx_it.o
    0x08000a1e   0x00000006   Code   RO           14    i.Error_Handler     main.o
    0x08000a24   0x00000024   Code   RO          717    i.FDCAN1_IT0_IRQHandler  stm32g4xx_it.o
    0x08000a48   0x0000006c   Code   RO         3322    i.FDCAN_CalcultateRamBlockAddresses  stm32g4xx_hal_fdcan.o
    0x08000ab4   0x00000068   Code   RO           15    i.FDCAN_Config      main.o
    0x08000b1c   0x0000010c   Code   RO         5677    i.Flux_Observer_Init  flux_observer.o
    0x08000c28   0x000000b0   Code   RO         1152    i.HAL_ADCEx_Calibration_Start  stm32g4xx_hal_adc_ex.o
    0x08000cd8   0x00000002   Code   RO         1156    i.HAL_ADCEx_EndOfSamplingCallback  stm32g4xx_hal_adc_ex.o
    0x08000cda   0x00000002   PAD
    0x08000cdc   0x0000062c   Code   RO         1158    i.HAL_ADCEx_InjectedConfigChannel  stm32g4xx_hal_adc_ex.o
    0x08001308   0x0000023c   Code   RO           16    i.HAL_ADCEx_InjectedConvCpltCallback  main.o
    0x08001544   0x00000002   Code   RO         1162    i.HAL_ADCEx_InjectedQueueOverflowCallback  stm32g4xx_hal_adc_ex.o
    0x08001546   0x00000002   PAD
    0x08001548   0x00000108   Code   RO         1163    i.HAL_ADCEx_InjectedStart  stm32g4xx_hal_adc_ex.o
    0x08001650   0x0000015c   Code   RO         1164    i.HAL_ADCEx_InjectedStart_IT  stm32g4xx_hal_adc_ex.o
    0x080017ac   0x00000002   Code   RO         1167    i.HAL_ADCEx_LevelOutOfWindow2Callback  stm32g4xx_hal_adc_ex.o
    0x080017ae   0x00000002   Code   RO         1168    i.HAL_ADCEx_LevelOutOfWindow3Callback  stm32g4xx_hal_adc_ex.o
    0x080017b0   0x0000010c   Code   RO         1169    i.HAL_ADCEx_MultiModeConfigChannel  stm32g4xx_hal_adc_ex.o
    0x080018bc   0x00000508   Code   RO          881    i.HAL_ADC_ConfigChannel  stm32g4xx_hal_adc.o
    0x08001dc4   0x00000002   Code   RO          882    i.HAL_ADC_ConvCpltCallback  stm32g4xx_hal_adc.o
    0x08001dc6   0x00000002   Code   RO          885    i.HAL_ADC_ErrorCallback  stm32g4xx_hal_adc.o
    0x08001dc8   0x00000008   Code   RO          888    i.HAL_ADC_GetValue  stm32g4xx_hal_adc.o
    0x08001dd0   0x00000330   Code   RO          889    i.HAL_ADC_IRQHandler  stm32g4xx_hal_adc.o
    0x08002100   0x00000268   Code   RO          890    i.HAL_ADC_Init      stm32g4xx_hal_adc.o
    0x08002368   0x00000002   Code   RO          891    i.HAL_ADC_LevelOutOfWindowCallback  stm32g4xx_hal_adc.o
    0x0800236a   0x00000002   PAD
    0x0800236c   0x00000144   Code   RO          353    i.HAL_ADC_MspInit   adc.o
    0x080024b0   0x0000011c   Code   RO          896    i.HAL_ADC_Start     stm32g4xx_hal_adc.o
    0x080025cc   0x00000068   Code   RO         2930    i.HAL_COMP_IRQHandler  stm32g4xx_hal_comp.o
    0x08002634   0x0000019c   Code   RO         2931    i.HAL_COMP_Init     stm32g4xx_hal_comp.o
    0x080027d0   0x00000068   Code   RO          406    i.HAL_COMP_MspInit  comp.o
    0x08002838   0x00000064   Code   RO         2935    i.HAL_COMP_Start    stm32g4xx_hal_comp.o
    0x0800289c   0x00000002   Code   RO         2937    i.HAL_COMP_TriggerCallback  stm32g4xx_hal_comp.o
    0x0800289e   0x00000002   PAD
    0x080028a0   0x0000024c   Code   RO         3037    i.HAL_DAC_ConfigChannel  stm32g4xx_hal_dac.o
    0x08002aec   0x00000028   Code   RO         3047    i.HAL_DAC_Init      stm32g4xx_hal_dac.o
    0x08002b14   0x00000098   Code   RO          448    i.HAL_DAC_MspInit   dac.o
    0x08002bac   0x00000040   Code   RO         3050    i.HAL_DAC_SetValue  stm32g4xx_hal_dac.o
    0x08002bec   0x00000080   Code   RO         3051    i.HAL_DAC_Start     stm32g4xx_hal_dac.o
    0x08002c6c   0x00000076   Code   RO         2282    i.HAL_DMA_Abort     stm32g4xx_hal_dma.o
    0x08002ce2   0x00000094   Code   RO         2283    i.HAL_DMA_Abort_IT  stm32g4xx_hal_dma.o
    0x08002d76   0x000000fe   Code   RO         2287    i.HAL_DMA_IRQHandler  stm32g4xx_hal_dma.o
    0x08002e74   0x000000d0   Code   RO         2288    i.HAL_DMA_Init      stm32g4xx_hal_dma.o
    0x08002f44   0x000000c2   Code   RO         2292    i.HAL_DMA_Start_IT  stm32g4xx_hal_dma.o
    0x08003006   0x00000002   PAD
    0x08003008   0x00000028   Code   RO         1393    i.HAL_Delay         stm32g4xx_hal.o
    0x08003030   0x00000122   Code   RO         3325    i.HAL_FDCAN_ActivateNotification  stm32g4xx_hal_fdcan.o
    0x08003152   0x00000064   Code   RO         3328    i.HAL_FDCAN_ConfigFilter  stm32g4xx_hal_fdcan.o
    0x080031b6   0x00000002   Code   RO         3349    i.HAL_FDCAN_ErrorCallback  stm32g4xx_hal_fdcan.o
    0x080031b8   0x00000002   Code   RO         3350    i.HAL_FDCAN_ErrorStatusCallback  stm32g4xx_hal_fdcan.o
    0x080031ba   0x00000002   PAD
    0x080031bc   0x00000118   Code   RO         3359    i.HAL_FDCAN_GetRxMessage  stm32g4xx_hal_fdcan.o
    0x080032d4   0x00000002   Code   RO         3365    i.HAL_FDCAN_HighPriorityMessageCallback  stm32g4xx_hal_fdcan.o
    0x080032d6   0x000001c0   Code   RO         3366    i.HAL_FDCAN_IRQHandler  stm32g4xx_hal_fdcan.o
    0x08003496   0x00000002   PAD
    0x08003498   0x00000218   Code   RO         3367    i.HAL_FDCAN_Init    stm32g4xx_hal_fdcan.o
    0x080036b0   0x00000084   Code   RO          520    i.HAL_FDCAN_MspInit  fdcan.o
    0x08003734   0x00000002   Code   RO         3374    i.HAL_FDCAN_RxFifo0Callback  stm32g4xx_hal_fdcan.o
    0x08003736   0x00000002   Code   RO         3375    i.HAL_FDCAN_RxFifo1Callback  stm32g4xx_hal_fdcan.o
    0x08003738   0x0000002e   Code   RO         3376    i.HAL_FDCAN_Start   stm32g4xx_hal_fdcan.o
    0x08003766   0x00000002   Code   RO         3378    i.HAL_FDCAN_TimeoutOccurredCallback  stm32g4xx_hal_fdcan.o
    0x08003768   0x00000002   Code   RO         3379    i.HAL_FDCAN_TimestampWraparoundCallback  stm32g4xx_hal_fdcan.o
    0x0800376a   0x00000002   Code   RO         3380    i.HAL_FDCAN_TxBufferAbortCallback  stm32g4xx_hal_fdcan.o
    0x0800376c   0x00000002   Code   RO         3381    i.HAL_FDCAN_TxBufferCompleteCallback  stm32g4xx_hal_fdcan.o
    0x0800376e   0x00000002   Code   RO         3382    i.HAL_FDCAN_TxEventFifoCallback  stm32g4xx_hal_fdcan.o
    0x08003770   0x00000002   Code   RO         3383    i.HAL_FDCAN_TxFifoEmptyCallback  stm32g4xx_hal_fdcan.o
    0x08003772   0x00000002   PAD
    0x08003774   0x000000d4   Code   RO           17    i.HAL_GPIO_EXTI_Callback  main.o
    0x08003848   0x0000001c   Code   RO         2143    i.HAL_GPIO_EXTI_IRQHandler  stm32g4xx_hal_gpio.o
    0x08003864   0x000001d8   Code   RO         2144    i.HAL_GPIO_Init     stm32g4xx_hal_gpio.o
    0x08003a3c   0x00000010   Code   RO         2146    i.HAL_GPIO_ReadPin  stm32g4xx_hal_gpio.o
    0x08003a4c   0x0000000a   Code   RO         2148    i.HAL_GPIO_WritePin  stm32g4xx_hal_gpio.o
    0x08003a56   0x00000002   PAD
    0x08003a58   0x0000000c   Code   RO         1397    i.HAL_GetTick       stm32g4xx_hal.o
    0x08003a64   0x00000018   Code   RO         1400    i.HAL_IncTick       stm32g4xx_hal.o
    0x08003a7c   0x0000001e   Code   RO         1401    i.HAL_Init          stm32g4xx_hal.o
    0x08003a9a   0x00000002   PAD
    0x08003a9c   0x00000058   Code   RO         1402    i.HAL_InitTick      stm32g4xx_hal.o
    0x08003af4   0x00000044   Code   RO          850    i.HAL_MspInit       stm32g4xx_hal_msp.o
    0x08003b38   0x00000028   Code   RO         2791    i.HAL_NVIC_EnableIRQ  stm32g4xx_hal_cortex.o
    0x08003b60   0x0000007a   Code   RO         2797    i.HAL_NVIC_SetPriority  stm32g4xx_hal_cortex.o
    0x08003bda   0x00000002   PAD
    0x08003bdc   0x00000028   Code   RO         2798    i.HAL_NVIC_SetPriorityGrouping  stm32g4xx_hal_cortex.o
    0x08003c04   0x00000154   Code   RO         3715    i.HAL_OPAMP_Init    stm32g4xx_hal_opamp.o
    0x08003d58   0x000000d4   Code   RO          562    i.HAL_OPAMP_MspInit  opamp.o
    0x08003e2c   0x00000036   Code   RO         3721    i.HAL_OPAMP_Start   stm32g4xx_hal_opamp.o
    0x08003e62   0x00000002   PAD
    0x08003e64   0x00000118   Code   RO         2547    i.HAL_PWREx_ControlVoltageScaling  stm32g4xx_hal_pwr_ex.o
    0x08003f7c   0x00000014   Code   RO         2559    i.HAL_PWREx_DisableUCPDDeadBattery  stm32g4xx_hal_pwr_ex.o
    0x08003f90   0x00000370   Code   RO         1751    i.HAL_RCCEx_PeriphCLKConfig  stm32g4xx_hal_rcc_ex.o
    0x08004300   0x00000224   Code   RO         1621    i.HAL_RCC_ClockConfig  stm32g4xx_hal_rcc.o
    0x08004524   0x0000000c   Code   RO         1627    i.HAL_RCC_GetHCLKFreq  stm32g4xx_hal_rcc.o
    0x08004530   0x00000024   Code   RO         1629    i.HAL_RCC_GetPCLK1Freq  stm32g4xx_hal_rcc.o
    0x08004554   0x00000024   Code   RO         1630    i.HAL_RCC_GetPCLK2Freq  stm32g4xx_hal_rcc.o
    0x08004578   0x00000098   Code   RO         1631    i.HAL_RCC_GetSysClockFreq  stm32g4xx_hal_rcc.o
    0x08004610   0x00000568   Code   RO         1634    i.HAL_RCC_OscConfig  stm32g4xx_hal_rcc.o
    0x08004b78   0x00000034   Code   RO         2802    i.HAL_SYSTICK_Config  stm32g4xx_hal_cortex.o
    0x08004bac   0x00000002   Code   RO         4547    i.HAL_TIMEx_Break2Callback  stm32g4xx_hal_tim_ex.o
    0x08004bae   0x00000002   Code   RO         4548    i.HAL_TIMEx_BreakCallback  stm32g4xx_hal_tim_ex.o
    0x08004bb0   0x00000002   Code   RO         4549    i.HAL_TIMEx_CommutCallback  stm32g4xx_hal_tim_ex.o
    0x08004bb2   0x00000002   PAD
    0x08004bb4   0x000000e8   Code   RO         4552    i.HAL_TIMEx_ConfigBreakDeadTime  stm32g4xx_hal_tim_ex.o
    0x08004c9c   0x000000d4   Code   RO         4553    i.HAL_TIMEx_ConfigBreakInput  stm32g4xx_hal_tim_ex.o
    0x08004d70   0x00000002   Code   RO         4560    i.HAL_TIMEx_DirectionChangeCallback  stm32g4xx_hal_tim_ex.o
    0x08004d72   0x00000002   Code   RO         4574    i.HAL_TIMEx_EncoderIndexCallback  stm32g4xx_hal_tim_ex.o
    0x08004d74   0x000000f8   Code   RO         4579    i.HAL_TIMEx_HallSensor_Init  stm32g4xx_hal_tim_ex.o
    0x08004e6c   0x00000002   Code   RO         4581    i.HAL_TIMEx_HallSensor_MspInit  stm32g4xx_hal_tim_ex.o
    0x08004e6e   0x00000002   PAD
    0x08004e70   0x000000d8   Code   RO         4584    i.HAL_TIMEx_HallSensor_Start_IT  stm32g4xx_hal_tim_ex.o
    0x08004f48   0x00000002   Code   RO         4588    i.HAL_TIMEx_IndexErrorCallback  stm32g4xx_hal_tim_ex.o
    0x08004f4a   0x00000002   PAD
    0x08004f4c   0x000000b8   Code   RO         4589    i.HAL_TIMEx_MasterConfigSynchronization  stm32g4xx_hal_tim_ex.o
    0x08005004   0x000000e8   Code   RO         4601    i.HAL_TIMEx_PWMN_Start  stm32g4xx_hal_tim_ex.o
    0x080050ec   0x00000088   Code   RO         4604    i.HAL_TIMEx_PWMN_Stop  stm32g4xx_hal_tim_ex.o
    0x08005174   0x00000002   Code   RO         4610    i.HAL_TIMEx_TransitionErrorCallback  stm32g4xx_hal_tim_ex.o
    0x08005176   0x0000006e   Code   RO         3822    i.HAL_TIM_Base_Init  stm32g4xx_hal_tim.o
    0x080051e4   0x000000e4   Code   RO          616    i.HAL_TIM_Base_MspInit  tim.o
    0x080052c8   0x00000090   Code   RO         3825    i.HAL_TIM_Base_Start  stm32g4xx_hal_tim.o
    0x08005358   0x00000130   Code   RO         3831    i.HAL_TIM_ConfigClockSource  stm32g4xx_hal_tim.o
    0x08005488   0x000001a8   Code   RO           18    i.HAL_TIM_IC_CaptureCallback  main.o
    0x08005630   0x00000240   Code   RO         3870    i.HAL_TIM_IRQHandler  stm32g4xx_hal_tim.o
    0x08005870   0x000000b4   Code   RO          617    i.HAL_TIM_MspPostInit  tim.o
    0x08005924   0x00000002   Code   RO         3873    i.HAL_TIM_OC_DelayElapsedCallback  stm32g4xx_hal_tim.o
    0x08005926   0x00000168   Code   RO         3894    i.HAL_TIM_PWM_ConfigChannel  stm32g4xx_hal_tim.o
    0x08005a8e   0x0000006e   Code   RO         3897    i.HAL_TIM_PWM_Init  stm32g4xx_hal_tim.o
    0x08005afc   0x00000002   Code   RO         3899    i.HAL_TIM_PWM_MspInit  stm32g4xx_hal_tim.o
    0x08005afe   0x00000002   Code   RO         3900    i.HAL_TIM_PWM_PulseFinishedCallback  stm32g4xx_hal_tim.o
    0x08005b00   0x0000014c   Code   RO         3902    i.HAL_TIM_PWM_Start  stm32g4xx_hal_tim.o
    0x08005c4c   0x000000e4   Code   RO         3905    i.HAL_TIM_PWM_Stop  stm32g4xx_hal_tim.o
    0x08005d30   0x00000002   Code   RO         3908    i.HAL_TIM_PeriodElapsedCallback  stm32g4xx_hal_tim.o
    0x08005d32   0x00000032   Code   RO         3910    i.HAL_TIM_ReadCapturedValue  stm32g4xx_hal_tim.o
    0x08005d64   0x00000002   Code   RO         3913    i.HAL_TIM_TriggerCallback  stm32g4xx_hal_tim.o
    0x08005d66   0x0000004e   Code   RO         5401    i.HAL_UARTEx_DisableFifoMode  stm32g4xx_hal_uart_ex.o
    0x08005db4   0x00000002   Code   RO         4985    i.HAL_UARTEx_RxEventCallback  stm32g4xx_hal_uart.o
    0x08005db6   0x00000002   Code   RO         5408    i.HAL_UARTEx_RxFifoFullCallback  stm32g4xx_hal_uart_ex.o
    0x08005db8   0x0000005e   Code   RO         5409    i.HAL_UARTEx_SetRxFifoThreshold  stm32g4xx_hal_uart_ex.o
    0x08005e16   0x0000005e   Code   RO         5410    i.HAL_UARTEx_SetTxFifoThreshold  stm32g4xx_hal_uart_ex.o
    0x08005e74   0x00000002   Code   RO         5412    i.HAL_UARTEx_TxFifoEmptyCallback  stm32g4xx_hal_uart_ex.o
    0x08005e76   0x00000002   Code   RO         5413    i.HAL_UARTEx_WakeupCallback  stm32g4xx_hal_uart_ex.o
    0x08005e78   0x00000002   Code   RO         5001    i.HAL_UART_ErrorCallback  stm32g4xx_hal_uart.o
    0x08005e7a   0x00000002   PAD
    0x08005e7c   0x00000308   Code   RO         5004    i.HAL_UART_IRQHandler  stm32g4xx_hal_uart.o
    0x08006184   0x00000078   Code   RO         5005    i.HAL_UART_Init     stm32g4xx_hal_uart.o
    0x080061fc   0x000000c8   Code   RO          670    i.HAL_UART_MspInit  usart.o
    0x080062c4   0x00000064   Code   RO         5010    i.HAL_UART_Receive_IT  stm32g4xx_hal_uart.o
    0x08006328   0x00000064   Code   RO           19    i.HAL_UART_RxCpltCallback  main.o
    0x0800638c   0x000000d6   Code   RO         5014    i.HAL_UART_Transmit  stm32g4xx_hal_uart.o
    0x08006462   0x00000002   PAD
    0x08006464   0x000000b8   Code   RO         5015    i.HAL_UART_Transmit_DMA  stm32g4xx_hal_uart.o
    0x0800651c   0x00000002   Code   RO         5017    i.HAL_UART_TxCpltCallback  stm32g4xx_hal_uart.o
    0x0800651e   0x00000002   Code   RO         5018    i.HAL_UART_TxHalfCpltCallback  stm32g4xx_hal_uart.o
    0x08006520   0x000000ec   Code   RO         5714    i.HFI_Init          high_frequency_injection.o
    0x0800660c   0x000001f0   Code   RO         5715    i.HFI_Process       high_frequency_injection.o
    0x080067fc   0x00000004   Code   RO          718    i.HardFault_Handler  stm32g4xx_it.o
    0x08006800   0x0000005e   Code   RO         5716    i.IIR_Butterworth   high_frequency_injection.o
    0x0800685e   0x00000002   PAD
    0x08006860   0x00000058   Code   RO         5717    i.IIR_Butterworth_Coefficient_Init  high_frequency_injection.o
    0x080068b8   0x00000010   Code   RO          904    i.LL_ADC_Enable     stm32g4xx_hal_adc.o
    0x080068c8   0x0000000a   Code   RO          905    i.LL_ADC_GetMultimode  stm32g4xx_hal_adc.o
    0x080068d2   0x00000012   Code   RO          906    i.LL_ADC_GetOffsetChannel  stm32g4xx_hal_adc.o
    0x080068e4   0x00000012   Code   RO         1177    i.LL_ADC_GetOffsetChannel  stm32g4xx_hal_adc_ex.o
    0x080068f6   0x0000000a   Code   RO         1178    i.LL_ADC_INJ_GetTrigAuto  stm32g4xx_hal_adc_ex.o
    0x08006900   0x0000000a   Code   RO          907    i.LL_ADC_INJ_IsConversionOngoing  stm32g4xx_hal_adc.o
    0x0800690a   0x0000000a   Code   RO         1179    i.LL_ADC_INJ_IsConversionOngoing  stm32g4xx_hal_adc_ex.o
    0x08006914   0x00000014   Code   RO         1180    i.LL_ADC_INJ_StartConversion  stm32g4xx_hal_adc_ex.o
    0x08006928   0x0000000a   Code   RO          908    i.LL_ADC_IsDisableOngoing  stm32g4xx_hal_adc.o
    0x08006932   0x0000000a   Code   RO          909    i.LL_ADC_IsEnabled  stm32g4xx_hal_adc.o
    0x0800693c   0x0000000a   Code   RO         1181    i.LL_ADC_IsEnabled  stm32g4xx_hal_adc_ex.o
    0x08006946   0x0000000a   Code   RO          910    i.LL_ADC_IsInternalRegulatorEnabled  stm32g4xx_hal_adc.o
    0x08006950   0x0000000a   Code   RO          911    i.LL_ADC_REG_IsConversionOngoing  stm32g4xx_hal_adc.o
    0x0800695a   0x0000000a   Code   RO         1182    i.LL_ADC_REG_IsConversionOngoing  stm32g4xx_hal_adc_ex.o
    0x08006964   0x00000012   Code   RO          912    i.LL_ADC_REG_IsTriggerSourceSWStart  stm32g4xx_hal_adc.o
    0x08006976   0x00000002   PAD
    0x08006978   0x00000010   Code   RO          913    i.LL_ADC_REG_StartConversion  stm32g4xx_hal_adc.o
    0x08006988   0x00000028   Code   RO          915    i.LL_ADC_SetChannelSamplingTime  stm32g4xx_hal_adc.o
    0x080069b0   0x00000028   Code   RO         1183    i.LL_ADC_SetChannelSamplingTime  stm32g4xx_hal_adc_ex.o
    0x080069d8   0x0000000c   Code   RO          916    i.LL_ADC_SetCommonPathInternalCh  stm32g4xx_hal_adc.o
    0x080069e4   0x0000000c   Code   RO         1184    i.LL_ADC_SetCommonPathInternalCh  stm32g4xx_hal_adc_ex.o
    0x080069f0   0x00000016   Code   RO          917    i.LL_ADC_SetOffsetState  stm32g4xx_hal_adc.o
    0x08006a06   0x00000016   Code   RO         1185    i.LL_ADC_SetOffsetState  stm32g4xx_hal_adc_ex.o
    0x08006a1c   0x0000000c   Code   RO          918    i.LL_ADC_SetSamplingTimeCommonConfig  stm32g4xx_hal_adc.o
    0x08006a28   0x0000000c   Code   RO         1186    i.LL_ADC_SetSamplingTimeCommonConfig  stm32g4xx_hal_adc_ex.o
    0x08006a34   0x0000000c   Code   RO         2938    i.LL_EXTI_ClearFlag_0_31  stm32g4xx_hal_comp.o
    0x08006a40   0x00000010   Code   RO         2939    i.LL_EXTI_DisableEvent_0_31  stm32g4xx_hal_comp.o
    0x08006a50   0x00000010   Code   RO         2940    i.LL_EXTI_DisableIT_0_31  stm32g4xx_hal_comp.o
    0x08006a60   0x00000110   Code   RO          354    i.MX_ADC1_Init      adc.o
    0x08006b70   0x000000d8   Code   RO          355    i.MX_ADC2_Init      adc.o
    0x08006c48   0x00000034   Code   RO          407    i.MX_COMP1_Init     comp.o
    0x08006c7c   0x00000058   Code   RO          449    i.MX_DAC1_Init      dac.o
    0x08006cd4   0x00000058   Code   RO          450    i.MX_DAC3_Init      dac.o
    0x08006d2c   0x00000050   Code   RO          495    i.MX_DMA_Init       dma.o
    0x08006d7c   0x00000058   Code   RO          521    i.MX_FDCAN1_Init    fdcan.o
    0x08006dd4   0x000000cc   Code   RO          328    i.MX_GPIO_Init      gpio.o
    0x08006ea0   0x00000030   Code   RO          563    i.MX_OPAMP1_Init    opamp.o
    0x08006ed0   0x00000030   Code   RO          564    i.MX_OPAMP2_Init    opamp.o
    0x08006f00   0x00000030   Code   RO          565    i.MX_OPAMP3_Init    opamp.o
    0x08006f30   0x00000158   Code   RO          618    i.MX_TIM1_Init      tim.o
    0x08007088   0x00000094   Code   RO          619    i.MX_TIM4_Init      tim.o
    0x0800711c   0x0000006c   Code   RO          671    i.MX_USART3_UART_Init  usart.o
    0x08007188   0x00000004   Code   RO          719    i.MemManage_Handler  stm32g4xx_it.o
    0x0800718c   0x00000004   Code   RO          720    i.NMI_Handler       stm32g4xx_it.o
    0x08007190   0x00000046   Code   RO         5773    i.Park_Transf       foc_algorithm.o
    0x080071d6   0x00000002   Code   RO          721    i.PendSV_Handler    stm32g4xx_it.o
    0x080071d8   0x00000068   Code   RO         1635    i.RCC_GetSysClockFreqFromPLLSource  stm32g4xx_hal_rcc.o
    0x08007240   0x00000042   Code   RO         5774    i.Rev_Park_Transf   foc_algorithm.o
    0x08007282   0x00000002   Code   RO          722    i.SVC_Handler       stm32g4xx_it.o
    0x08007284   0x000002c8   Code   RO         5775    i.SVPWM_Calc        foc_algorithm.o
    0x0800754c   0x00000080   Code   RO         5883    i.Speed_Pid_Calc    speed_pid.o
    0x080075cc   0x00000050   Code   RO          723    i.SysTick_Handler   stm32g4xx_it.o
    0x0800761c   0x0000008e   Code   RO           20    i.SystemClock_Config  main.o
    0x080076aa   0x00000002   PAD
    0x080076ac   0x00000014   Code   RO         5519    i.SystemInit        system_stm32g4xx.o
    0x080076c0   0x00000010   Code   RO          724    i.TIM1_BRK_TIM15_IRQHandler  stm32g4xx_it.o
    0x080076d0   0x00000010   Code   RO          725    i.TIM1_CC_IRQHandler  stm32g4xx_it.o
    0x080076e0   0x00000010   Code   RO          726    i.TIM1_UP_TIM16_IRQHandler  stm32g4xx_it.o
    0x080076f0   0x00000010   Code   RO          727    i.TIM4_IRQHandler   stm32g4xx_it.o
    0x08007700   0x000000bc   Code   RO         3915    i.TIM_Base_SetConfig  stm32g4xx_hal_tim.o
    0x080077bc   0x00000022   Code   RO         3916    i.TIM_CCxChannelCmd  stm32g4xx_hal_tim.o
    0x080077de   0x00000022   Code   RO         4613    i.TIM_CCxNChannelCmd  stm32g4xx_hal_tim_ex.o
    0x08007800   0x00000016   Code   RO         3926    i.TIM_ETR_SetConfig  stm32g4xx_hal_tim.o
    0x08007816   0x00000002   PAD
    0x08007818   0x00000018   Code   RO         3927    i.TIM_ITRx_SetConfig  stm32g4xx_hal_tim.o
    0x08007830   0x000000ac   Code   RO         3928    i.TIM_OC1_SetConfig  stm32g4xx_hal_tim.o
    0x080078dc   0x000000b4   Code   RO         3929    i.TIM_OC2_SetConfig  stm32g4xx_hal_tim.o
    0x08007990   0x000000b4   Code   RO         3930    i.TIM_OC3_SetConfig  stm32g4xx_hal_tim.o
    0x08007a44   0x000000b4   Code   RO         3931    i.TIM_OC4_SetConfig  stm32g4xx_hal_tim.o
    0x08007af8   0x00000070   Code   RO         3932    i.TIM_OC5_SetConfig  stm32g4xx_hal_tim.o
    0x08007b68   0x00000070   Code   RO         3933    i.TIM_OC6_SetConfig  stm32g4xx_hal_tim.o
    0x08007bd8   0x00000026   Code   RO         3935    i.TIM_TI1_ConfigInputStage  stm32g4xx_hal_tim.o
    0x08007bfe   0x00000002   PAD
    0x08007c00   0x0000007c   Code   RO         3936    i.TIM_TI1_SetConfig  stm32g4xx_hal_tim.o
    0x08007c7c   0x00000028   Code   RO         3937    i.TIM_TI2_ConfigInputStage  stm32g4xx_hal_tim.o
    0x08007ca4   0x00000058   Code   RO         5414    i.UARTEx_SetNbDataToProcess  stm32g4xx_hal_uart_ex.o
    0x08007cfc   0x000000f8   Code   RO         5019    i.UART_AdvFeatureConfig  stm32g4xx_hal_uart.o
    0x08007df4   0x00000076   Code   RO         5020    i.UART_CheckIdleState  stm32g4xx_hal_uart.o
    0x08007e6a   0x00000018   Code   RO         5021    i.UART_DMAAbortOnError  stm32g4xx_hal_uart.o
    0x08007e82   0x0000005e   Code   RO         5022    i.UART_DMAError     stm32g4xx_hal_uart.o
    0x08007ee0   0x00000038   Code   RO         5027    i.UART_DMATransmitCplt  stm32g4xx_hal_uart.o
    0x08007f18   0x0000000e   Code   RO         5029    i.UART_DMATxHalfCplt  stm32g4xx_hal_uart.o
    0x08007f26   0x00000002   PAD
    0x08007f28   0x0000003c   Code   RO         5031    i.UART_EndRxTransfer  stm32g4xx_hal_uart.o
    0x08007f64   0x00000022   Code   RO         5032    i.UART_EndTransmit_IT  stm32g4xx_hal_uart.o
    0x08007f86   0x00000020   Code   RO         5033    i.UART_EndTxTransfer  stm32g4xx_hal_uart.o
    0x08007fa6   0x00000092   Code   RO         5034    i.UART_RxISR_16BIT  stm32g4xx_hal_uart.o
    0x08008038   0x00000164   Code   RO         5035    i.UART_RxISR_16BIT_FIFOEN  stm32g4xx_hal_uart.o
    0x0800819c   0x0000008e   Code   RO         5036    i.UART_RxISR_8BIT   stm32g4xx_hal_uart.o
    0x0800822a   0x00000002   PAD
    0x0800822c   0x00000164   Code   RO         5037    i.UART_RxISR_8BIT_FIFOEN  stm32g4xx_hal_uart.o
    0x08008390   0x0000038c   Code   RO         5038    i.UART_SetConfig    stm32g4xx_hal_uart.o
    0x0800871c   0x00000110   Code   RO         5040    i.UART_Start_Receive_IT  stm32g4xx_hal_uart.o
    0x0800882c   0x000000be   Code   RO         5045    i.UART_WaitOnFlagUntilTimeout  stm32g4xx_hal_uart.o
    0x080088ea   0x00000002   PAD
    0x080088ec   0x00000010   Code   RO          728    i.USART3_IRQHandler  stm32g4xx_it.o
    0x080088fc   0x00000004   Code   RO          729    i.UsageFault_Handler  stm32g4xx_it.o
    0x08008900   0x00000026   Code   RO         6161    i.__ARM_fpclassifyf  m_wm.l(fpclassifyf.o)
    0x08008926   0x00000002   PAD
    0x08008928   0x00000010   Code   RO         2804    i.__NVIC_GetPriorityGrouping  stm32g4xx_hal_cortex.o
    0x08008938   0x00000028   Code   RO         2805    i.__NVIC_SetPriority  stm32g4xx_hal_cortex.o
    0x08008960   0x00000150   Code   RO         6053    i.__hardfp_cosf     m_wm.l(cosf.o)
    0x08008ab0   0x00000190   Code   RO         6099    i.__hardfp_sinf     m_wm.l(sinf.o)
    0x08008c40   0x00000006   Code   RO         6164    i.__mathlib_flt_infnan  m_wm.l(funder.o)
    0x08008c46   0x00000002   PAD
    0x08008c48   0x00000010   Code   RO         6166    i.__mathlib_flt_invalid  m_wm.l(funder.o)
    0x08008c58   0x00000010   Code   RO         6169    i.__mathlib_flt_underflow  m_wm.l(funder.o)
    0x08008c68   0x00000154   Code   RO         6178    i.__mathlib_rredf2  m_wm.l(rredf.o)
    0x08008dbc   0x00000118   Code   RO         5718    i.d_direction_process  high_frequency_injection.o
    0x08008ed4   0x0000022c   Code   RO         5678    i.flux_observer_Outputs_wrapper  flux_observer.o
    0x08009100   0x0000014c   Code   RO         5776    i.foc_algorithm_initialize  foc_algorithm.o
    0x0800924c   0x000001c0   Code   RO         5777    i.foc_algorithm_step  foc_algorithm.o
    0x0800940c   0x0000017c   Code   RO           23    i.main              main.o
    0x08009588   0x000001ec   Code   RO           24    i.motor_run         main.o
    0x08009774   0x00000064   Code   RO         5884    i.speed_pid_initialize  speed_pid.o
    0x080097d8   0x0000000a   Code   RO         6308    x$fpl$fpinit        fz_wm.l(fpinit.o)
    0x080097e2   0x00000000   Code   RO         6146    x$fpl$usenofp       fz_wm.l(usenofp.o)
    0x080097e2   0x00000010   Data   RO         3384    .constdata          stm32g4xx_hal_fdcan.o
    0x080097f2   0x00000018   Data   RO         5046    .constdata          stm32g4xx_hal_uart.o
    0x0800980a   0x00000010   Data   RO         5416    .constdata          stm32g4xx_hal_uart_ex.o
    0x0800981a   0x00000018   Data   RO         5520    .constdata          system_stm32g4xx.o
    0x08009832   0x00000002   PAD
    0x08009834   0x000000a0   Data   RO         5720    .constdata          high_frequency_injection.o
    0x080098d4   0x00000020   Data   RO         6179    .constdata          m_wm.l(rredf.o)
    0x080098f4   0x00000804   Data   RO         6015    .rodata.sinTable_f32  arm_cortexM4lf_math.lib(arm_common_tables.o)
    0x0800a0f8   0x00000020   Data   RO         6366    Region$$Table       anon$$obj.o


    Execution Region RW_IRAM1 (Base: 0x20000000, Size: 0x000010a8, Max: 0x00020000, ABSOLUTE, COMPRESSED[0x00000078])

    Base Addr    Size         Type   Attr      Idx    E Section Name        Object

    0x20000000   0x000000ed   Data   RW           26    .data               main.o
    0x200000ed   0x00000003   PAD
    0x200000f0   0x00000004   Data   RW          357    .data               adc.o
    0x200000f4   0x00000002   Data   RW          730    .data               stm32g4xx_it.o
    0x200000f6   0x00000002   PAD
    0x200000f8   0x0000000c   Data   RW         1421    .data               stm32g4xx_hal.o
    0x20000104   0x00000004   Data   RW         5521    .data               system_stm32g4xx.o
    0x20000108   0x00000058   Data   RW         5680    .data               flux_observer.o
    0x20000160   0x00000030   Data   RW         5721    .data               high_frequency_injection.o
    0x20000190   0x00000078   Data   RW         5779    .data               foc_algorithm.o
    0x20000208   0x00000007   Data   RW         5847    .data               low_task.o
    0x2000020f   0x00000001   PAD
    0x20000210   0x00000020   Data   RW         5886    .data               speed_pid.o
    0x20000230   0x00000160   Zero   RW           25    .bss                main.o
    0x20000390   0x000000d8   Zero   RW          356    .bss                adc.o
    0x20000468   0x00000024   Zero   RW          408    .bss                comp.o
    0x2000048c   0x00000028   Zero   RW          451    .bss                dac.o
    0x200004b4   0x00000064   Zero   RW          522    .bss                fdcan.o
    0x20000518   0x000000b4   Zero   RW          566    .bss                opamp.o
    0x200005cc   0x00000098   Zero   RW          620    .bss                tim.o
    0x20000664   0x000000f0   Zero   RW          672    .bss                usart.o
    0x20000754   0x00000004   PAD
    0x20000758   0x000000cc   Zero   RW         5571    .bss                foc_model.o
    0x20000824   0x0000000c   Zero   RW         5679    .bss                flux_observer.o
    0x20000830   0x000000ec   Zero   RW         5719    .bss                high_frequency_injection.o
    0x2000091c   0x00000004   PAD
    0x20000920   0x0000010c   Zero   RW         5778    .bss                foc_algorithm.o
    0x20000a2c   0x0000001c   Zero   RW         5885    .bss                speed_pid.o
    0x20000a48   0x00000060   Zero   RW         6220    .bss                c_w.l(libspace.o)
    0x20000aa8   0x00000200   Zero   RW            2    HEAP                startup_stm32g431xx.o
    0x20000ca8   0x00000400   Zero   RW            1    STACK               startup_stm32g431xx.o


==============================================================================

Image component sizes


      Code (inc. data)   RO Data    RW Data    ZI Data      Debug   Object Name

       812         52          0          4        216       3118   adc.o
       156         24          0          0         36       1804   comp.o
       328         28          0          0         40       2582   dac.o
        80          6          0          0          0        882   dma.o
       220         16          0          0        100       1895   fdcan.o
       824        142          0         88         12       3561   flux_observer.o
      1898        182          0        120        268      10060   foc_algorithm.o
         0          0          0          0        204       4584   foc_model.o
       204         12          0          0          0       1067   gpio.o
      1194        174        160         48        236       6774   high_frequency_injection.o
         0          0          0          7          0        477   low_task.o
      2432        402          0        237        352     732368   main.o
       356         38          0          0        180       3097   opamp.o
       228         36          0         32         28       2993   speed_pid.o
        64         26        472          0       1536        880   startup_stm32g431xx.o
       194         32          0         12          0       4629   stm32g4xx_hal.o
      3512        114          0          0          0      85368   stm32g4xx_hal_adc.o
      2808        100          0          0          0      81558   stm32g4xx_hal_adc_ex.o
       662         52          0          0          0       9970   stm32g4xx_hal_comp.o
       310         22          0          0          0      34651   stm32g4xx_hal_cortex.o
       820         10          0          0          0       4282   stm32g4xx_hal_dac.o
      1090         22          0          0          0       6698   stm32g4xx_hal_dma.o
      1830         20         16          0          0      17178   stm32g4xx_hal_fdcan.o
       526         38          0          0          0       3790   stm32g4xx_hal_gpio.o
        68          6          0          0          0        938   stm32g4xx_hal_msp.o
       394         10          0          0          0       2539   stm32g4xx_hal_opamp.o
       300         18          0          0          0       1497   stm32g4xx_hal_pwr_ex.o
      2272        108          0          0          0       7308   stm32g4xx_hal_rcc.o
       880          8          0          0          0       1960   stm32g4xx_hal_rcc_ex.o
      3630        304          0          0          0      21647   stm32g4xx_hal_tim.o
      1510         98          0          0          0      13229   stm32g4xx_hal_tim_ex.o
      4452        130         24          0          0      40572   stm32g4xx_hal_uart.o
       360         10         16          0          0       5774   stm32g4xx_hal_uart_ex.o
       306         90          0          2          0      10368   stm32g4xx_it.o
        20          6         24          4          0       1259   system_stm32g4xx.o
       900         50          0          0        152       3845   tim.o
       308         32          0          0        240       1993   usart.o

    ----------------------------------------------------------------------
     36000       2418        746        560       3608    1137195   Object Totals
         0          0         32          0          0          0   (incl. Generated)
        52          0          2          6          8          0   (incl. Padding)

    ----------------------------------------------------------------------

      Code (inc. data)   RO Data    RW Data    ZI Data      Debug   Library Member Name

         0          0       2052          0          0       4961   arm_common_tables.o
       160         12          0          0          0       1103   arm_cos_f32.o
       152         12          0          0          0       1098   arm_sin_f32.o
        90          0          0          0          0          0   __dczerorl2.o
         8          0          0          0          0         68   __main.o
         0          0          0          0          0          0   __rtentry.o
        12          0          0          0          0          0   __rtentry2.o
         6          0          0          0          0          0   __rtentry4.o
        52          8          0          0          0          0   __scatter.o
        28          0          0          0          0          0   __scatter_zi.o
        22          0          0          0          0        100   _rserrno.o
        18          0          0          0          0         80   exit.o
         6          0          0          0          0        152   heapauxi.o
         0          0          0          0          0          0   indicate_semi.o
         2          0          0          0          0          0   libinit.o
         6          0          0          0          0          0   libinit2.o
         2          0          0          0          0          0   libshutdown.o
         2          0          0          0          0          0   libshutdown2.o
         8          4          0          0         96         68   libspace.o
       238          0          0          0          0        100   lludivv7m.o
         8          4          0          0          0         68   rt_errno_addr_intlibspace.o
        78          0          0          0          0         80   rt_memclr_w.o
       138          0          0          0          0         68   rt_memcpy_v6.o
       100          0          0          0          0         80   rt_memcpy_w.o
         2          0          0          0          0          0   rtexit.o
        10          0          0          0          0          0   rtexit2.o
        12          4          0          0          0         68   sys_exit.o
        74          0          0          0          0         80   sys_stackheap_outer.o
         2          0          0          0          0         68   use_no_semi.o
        10          0          0          0          0        116   fpinit.o
         0          0          0          0          0          0   usenofp.o
       336         56          0          0          0        136   cosf.o
        38          0          0          0          0        116   fpclassifyf.o
        38         12          0          0          0        348   funder.o
       340         24         32          0          0        160   rredf.o
       400         56          0          0          0        212   sinf.o

    ----------------------------------------------------------------------
      2410        192       2084          0         96       9330   Library Totals
        12          0          0          0          0          0   (incl. Padding)

    ----------------------------------------------------------------------

      Code (inc. data)   RO Data    RW Data    ZI Data      Debug   Library Name

       312         24       2052          0          0       7162   arm_cortexM4lf_math.lib
       924         20          0          0         96       1080   c_w.l
        10          0          0          0          0        116   fz_wm.l
      1152        148         32          0          0        972   m_wm.l

    ----------------------------------------------------------------------
      2410        192       2084          0         96       9330   Library Totals

    ----------------------------------------------------------------------

==============================================================================


      Code (inc. data)   RO Data    RW Data    ZI Data      Debug   

     38410       2610       2830        560       3704    1121541   Grand Totals
     38410       2610       2830        120       3704    1121541   ELF Image Totals (compressed)
     38410       2610       2830        120          0          0   ROM Totals

==============================================================================

    Total RO  Size (Code + RO Data)                41240 (  40.27kB)
    Total RW  Size (RW Data + ZI Data)              4264 (   4.16kB)
    Total ROM Size (Code + RO Data + RW Data)      41360 (  40.39kB)

==============================================================================

