<html>
<body>
<pre>
<h1>礦ision Build Log</h1>
<h2>Tool Versions:</h2>
IDE-Version: μVision V5.14.0.0
Copyright (C) 2015 ARM Ltd and ARM Germany GmbH. All rights reserved.
License Information: a lenovo, a, LIC=14HV2-9J7X4-SBQEJ-U7X95-0LQ2E-2ACH5
 
Tool Versions:
Toolchain:       MDK-ARM Standard  Version: 5.14.0.0
Toolchain Path:  D:\keil5\ARM\ARMCC\Bin
C Compiler:      Armcc.exe V5.06 update 7 (build 960)
Assembler:       Armasm.exe V5.06 update 7 (build 960)
Linker/Locator:  ArmLink.exe V5.06 update 7 (build 960)
Library Manager: ArmAr.exe V5.06 update 7 (build 960)
Hex Converter:   FromElf.exe V5.06 update 7 (build 960)
CPU DLL:         SARMCM3.DLL V5.14.0.0
Dialog DLL:      DCM.DLL V1.13.1.0
Target DLL:      Segger\JL2CM3.dll V2.99.13.0
Dialog DLL:      TCM.DLL V1.14.4.0
 
<h2>Project:</h2>
D:\caicq\Desktop\高频注入demo\欧拉电子HFI+flux\0610_hfi+fluxobserver_owm\MDK-ARM\STM32G4_GPIO.uvprojx
Project File Date:  06/03/2024

<h2>Output:</h2>
Build target 'STM32G4_GPIO'
compiling high_frequency_injection.c...
linking...
Program Size: Code=38410 RO-data=2830 RW-data=560 ZI-data=3704  
"STM32G4_GPIO\STM32G4_GPIO.axf" - 0 Error(s), 0 Warning(s).

<h2>Software Packages used:</h2>

Package Vendor: ARM
                http://www.keil.com/pack/ARM.CMSIS.5.9.0.pack
                ARM::CMSIS:CORE:5.6.0
                CMSIS (Common Microcontroller Software Interface Standard)
   * Component: CORE Version: 5.6.0

<h2>Collection of Component include folders:</h2>
  D:\caicq\Desktop\高频注入demo\欧拉电子HFI+flux\0610_hfi+fluxobserver_owm\MDK-ARM\RTE
  D:\keil5\pack\ARM\CMSIS\5.9.0\CMSIS\Core\Include
  D:\keil5\pack\Keil\STM32G4xx_DFP\1.5.0

<h2>Collection of Component Files used:</h2>

   * Component: ARM::CMSIS:CORE:5.6.0
      Include file:  CMSIS\Core\Include\tz_context.h
      Source file:   CMSIS\Core\Template\ARMv8-M\main_s.c
      Source file:   CMSIS\Core\Template\ARMv8-M\tz_context.c
</pre>
</body>
</html>
